[2026-05-12T17:57:41.454] [DEBUG] debug-file - env: nodejsVersion=v18.20.1
[2026-05-12T17:57:41.912] [DEBUG] debug-file - Hvigor init with startParameters:{
  hvigorfileTypeCheck: false,
  parallelExecution: true,
  incrementalExecution: true,
  printStackTrace: false,
  daemon: false,
  analyze: 0,
  logLevel: Level { level: 20000, levelStr: 'INFO', colour: 'green' },
  optimizationStrategy: 'memory',
  hotCompile: undefined,
  hotReloadBuild: undefined,
  customizedParam: undefined
}
[2026-05-12T17:57:44.222] [DEBUG] debug-file - hvigorfile, require result:  { default: { system: [Function: appTasks], plugins: [] } }
[2026-05-12T17:57:44.226] [DEBUG] debug-file - Starting plugin build process
[2026-05-12T17:57:44.475] [DEBUG] debug-file - Start initialize project's product build option map with build mode debug.
[2026-05-12T17:57:44.508] [DEBUG] debug-file - Start recording SDK configuration permission data.
[2026-05-12T17:57:44.477] [DEBUG] debug-file - Obtain build option for product 'default'in this build.
[2026-05-12T17:57:44.473] [DEBUG] debug-file - App plugin register hook start...
[2026-05-12T17:57:44.557] [DEBUG] debug-file - Project task initialization takes 8 ms 
[2026-05-12T17:57:44.572] [DEBUG] debug-file - failed to load cangjie to dynamically generate schemas: Error: Cannot find module '@ohos/cangjie-build-support/index'
Require stack:
- D:\software\DevEco Studio\tools\hvigor\hvigor-ohos-plugin\src\plugin\hooks\cangjie-register.js
- D:\software\DevEco Studio\tools\hvigor\hvigor-ohos-plugin\src\plugin\strategy\stage-init-strategy.js
- D:\software\DevEco Studio\tools\hvigor\hvigor-ohos-plugin\src\plugin\builder\abstract-plugin-builder.js
- D:\software\DevEco Studio\tools\hvigor\hvigor-ohos-plugin\src\plugin\builder\app-plugin-builder.js
- D:\software\DevEco Studio\tools\hvigor\hvigor-ohos-plugin\src\plugin\factory\plugin-factory.js
- D:\software\DevEco Studio\tools\hvigor\hvigor-ohos-plugin\index.js
- D:\software\HarmonyOs-Clock-Demo-main\hvigorfile.ts
- D:\software\DevEco Studio\tools\hvigor\hvigor\src\base\internal\lifecycle\configuration.js
- D:\software\DevEco Studio\tools\hvigor\hvigor\src\base\boot\index.js
- D:\software\DevEco Studio\tools\hvigor\hvigor\src\cli\main\cli.js
- D:\software\DevEco Studio\tools\hvigor\hvigor\bin\hvigor.js
[2026-05-12T17:57:44.587] [DEBUG] debug-file - Start initialize module-target build option map, moduleName=entry, buildMode=debug
[2026-05-12T17:57:44.595] [DEBUG] debug-file - project has submodules:entry
[2026-05-12T17:57:44.608] [DEBUG] debug-file - Start to initialize dependency information.
[2026-05-12T17:57:44.596] [DEBUG] debug-file - start to load updatedOhPackageInfo to the disk
[2026-05-12T17:57:41.455] [DEBUG] debug-file - env: hvigor-config.json5 content = {
  modelVersion: '5.0.2',
  dependencies: {},
  execution: {},
  logging: {},
  debugging: {},
  nodeOptions: {}
}
[2026-05-12T17:57:44.659] [DEBUG] debug-file - entry : clean cost memory 1.7256240844726562
[2026-05-12T17:57:41.912] [DEBUG] debug-file - Since current hvigor version 6.22.4 differs from last hvigor version 
      undefined, delete file-cache.json and task-cache.json.
[2026-05-12T17:57:44.688] [DEBUG] debug-file - Create  resident worker with id: 0.
[2026-05-12T17:57:44.223] [DEBUG] debug-file - hvigorfile, binding system plugins [Function: appTasks]
[2026-05-12T17:57:44.226] [DEBUG] debug-file - App plugin prepare start...
[2026-05-12T17:57:44.475] [DEBUG] debug-file - Picking option from product 'default' with build mode 'debug'.
[2026-05-12T17:57:44.546] [DEBUG] debug-file - Sdk init in 44 ms 
[2026-05-12T17:57:44.501] [DEBUG] debug-file - No signingConfig found, initRemoteHspCache failed.
[2026-05-12T17:57:44.474] [DEBUG] debug-file - App plugin register hook end...
[2026-05-12T17:57:44.557] [DEBUG] debug-file - hvigorfile, binding custom plugins []
[2026-05-12T17:57:44.587] [DEBUG] debug-file - Target 'default' config initialized
[2026-05-12T17:57:44.611] [DEBUG] debug-file - Module entry Collected Dependency: 
[2026-05-12T17:57:44.598] [DEBUG] debug-file - load to the disk finished
[2026-05-12T17:57:41.458] [DEBUG] debug-file - env: daemon=false
[2026-05-12T17:57:44.659] [DEBUG] debug-file - runTaskFromQueue task cost before running: 2 s 758 ms 
[2026-05-12T17:57:41.913] [DEBUG] debug-file - Cache service initialization finished in 1 ms 
[2026-05-12T17:57:44.692] [DEBUG] debug-file - Create  resident worker with id: 1.
[2026-05-12T17:57:44.226] [DEBUG] debug-file - App plugin prepare end...
[2026-05-12T17:57:44.475] [DEBUG] debug-file - Product 'default' build option initialized
[2026-05-12T17:57:44.503] [DEBUG] debug-file - Local scan or download HarmonyOS sdk components toolchains,ets,js,native,previewer
[2026-05-12T17:57:44.474] [DEBUG] debug-file - Plugin build process completed
[2026-05-12T17:57:44.557] [DEBUG] debug-file - hvigorfile, no custom plugins were found in D:\software\HarmonyOs-Clock-Demo-main\hvigorfile.ts
[2026-05-12T17:57:44.588] [DEBUG] debug-file - Target 'ohosTest' config initialized
[2026-05-12T17:57:44.599] [DEBUG] debug-file - Start to initialize dependency information.
[2026-05-12T17:57:44.611] [DEBUG] debug-file - Module entry's total dependency: 0
[2026-05-12T17:57:41.458] [DEBUG] debug-file - no-daemon, use the parent process.execArgv --max-old-space-size=8192,--max-semi-space-size=16,--expose-gc
[2026-05-12T17:57:44.660] [INFO] debug-file - Finished :entry:clean... after 42 ms 
[2026-05-12T17:57:44.694] [DEBUG] debug-file - Current worker pool is stopped or closed.
[2026-05-12T17:57:41.915] [DEBUG] debug-file - hvigorfile, resolving D:\software\HarmonyOs-Clock-Demo-main\hvigorfile.ts
[2026-05-12T17:57:44.226] [DEBUG] debug-file - App plugin creating...
[2026-05-12T17:57:44.475] [DEBUG] debug-file - End initialize project's product build option map with build mode 'debug'.
[2026-05-12T17:57:44.505] [DEBUG] debug-file - Local scan or download hmscore sdk components toolchains,ets,native
[2026-05-12T17:57:44.557] [DEBUG] debug-file - hvigorfile, resolve finished D:\software\HarmonyOs-Clock-Demo-main\hvigorfile.ts
[2026-05-12T17:57:44.588] [DEBUG] debug-file - Module 'entry' target 'default' build option initialized
[2026-05-12T17:57:44.615] [DEBUG] debug-file - Configuration phase cost:2 s 702 ms 
[2026-05-12T17:57:44.607] [DEBUG] debug-file - Module HarmonyOs-Clock-Demo-main Collected Dependency: 
[2026-05-12T17:57:44.694] [DEBUG] debug-file - Clear worker 0.
[2026-05-12T17:57:44.660] [DEBUG] debug-file - Executing task ::clean
[2026-05-12T17:57:44.559] [DEBUG] debug-file - hvigorfile, resolving D:\software\HarmonyOs-Clock-Demo-main\entry\hvigorfile.ts
[2026-05-12T17:57:44.617] [DEBUG] debug-file - Configuration task cost before running: 2 s 716 ms 
[2026-05-12T17:57:44.588] [DEBUG] debug-file - Module 'entry' target 'ohosTest' build option initialized
[2026-05-12T17:57:44.607] [DEBUG] debug-file - Module HarmonyOs-Clock-Demo-main's total dependency: 0
[2026-05-12T17:57:44.695] [DEBUG] debug-file - Worker 0 has been cleared.
[2026-05-12T17:57:44.660] [DEBUG] debug-file - clean: Worker pool is inactive.
[2026-05-12T17:57:44.570] [DEBUG] debug-file - hvigorfile, require result:  { default: { system: [Function: hapTasks], plugins: [] } }
[2026-05-12T17:57:44.617] [DEBUG] debug-file - Executing task :entry:clean
[2026-05-12T17:57:44.588] [DEBUG] debug-file - End initialize module-target build option map, moduleName=entry
[2026-05-12T17:57:44.695] [DEBUG] debug-file - Current idle worker size: 1.
[2026-05-12T17:57:44.570] [DEBUG] debug-file - hvigorfile, binding system plugins [Function: hapTasks]
[2026-05-12T17:57:44.661] [DEBUG] debug-file - HarmonyOs-Clock-Demo-main : clean cost memory 0.0197296142578125
[2026-05-12T17:57:44.695] [DEBUG] debug-file - Current busy worker size: 0.
[2026-05-12T17:57:44.588] [DEBUG] debug-file - Start initialize module-target build option map, moduleName=entry, buildMode=release
[2026-05-12T17:57:44.570] [DEBUG] debug-file - Starting plugin build process
[2026-05-12T17:57:44.618] [DEBUG] debug-file - clean: Worker pool is inactive.
[2026-05-12T17:57:44.661] [DEBUG] debug-file - runTaskFromQueue task cost before running: 2 s 759 ms 
[2026-05-12T17:57:44.588] [DEBUG] debug-file - Target 'default' config initialized
[2026-05-12T17:57:44.570] [DEBUG] debug-file - Hap plugin creating...
[2026-05-12T17:57:44.661] [INFO] debug-file - Finished ::clean... after 1 ms 
[2026-05-12T17:57:44.695] [DEBUG] debug-file - Clear worker 1.
[2026-05-12T17:57:44.588] [DEBUG] debug-file - Target 'ohosTest' config initialized
[2026-05-12T17:57:44.661] [DEBUG] debug-file - Executing task :entry:init
[2026-05-12T17:57:44.695] [DEBUG] debug-file - Worker 1 has been cleared.
[2026-05-12T17:57:44.588] [DEBUG] debug-file - Module 'entry' target 'default' build option initialized
[2026-05-12T17:57:44.662] [DEBUG] debug-file - entry : init cost memory 0.01263427734375
[2026-05-12T17:57:44.695] [DEBUG] debug-file - Current idle worker size: 0.
[2026-05-12T17:57:44.588] [DEBUG] debug-file - Module 'entry' target 'ohosTest' build option initialized
[2026-05-12T17:57:44.662] [DEBUG] debug-file - runTaskFromQueue task cost before running: 2 s 761 ms 
[2026-05-12T17:57:44.695] [DEBUG] debug-file - Current busy worker size: 0.
[2026-05-12T17:57:44.590] [DEBUG] debug-file - End initialize module-target build option map, moduleName=entry
[2026-05-12T17:57:44.662] [INFO] debug-file - Finished :entry:init... after 1 ms 
[2026-05-12T17:57:44.695] [DEBUG] debug-file - hvigor build process will be closed.
[2026-05-12T17:57:44.590] [DEBUG] debug-file - Start initialize module-target build option map, moduleName=entry, buildMode=debug
[2026-05-12T17:57:44.662] [DEBUG] debug-file - Executing task ::init
[2026-05-12T17:57:44.704] [DEBUG] debug-file - worker[0] exits with exit code 0.
[2026-05-12T17:57:44.590] [DEBUG] debug-file - Target 'default' config initialized
[2026-05-12T17:57:44.662] [DEBUG] debug-file - HarmonyOs-Clock-Demo-main : init cost memory 0.01141357421875
[2026-05-12T17:57:44.707] [DEBUG] debug-file - worker[1] exits with exit code 0.
[2026-05-12T17:57:44.590] [DEBUG] debug-file - Target 'ohosTest' config initialized
[2026-05-12T17:57:44.662] [DEBUG] debug-file - runTaskFromQueue task cost before running: 2 s 761 ms 
[2026-05-12T17:57:44.708] [DEBUG] debug-file - Current worker pool is terminated.
[2026-05-12T17:57:44.590] [DEBUG] debug-file - Module 'entry' target 'default' build option initialized
[2026-05-12T17:57:44.663] [INFO] debug-file - Finished ::init... after 1 ms 
[2026-05-12T17:57:44.590] [DEBUG] debug-file - Module 'entry' target 'ohosTest' build option initialized
[2026-05-12T17:57:44.676] [DEBUG] debug-file - Obtain build option for module 'entry' target 'default'in this build.
[2026-05-12T17:57:44.590] [DEBUG] debug-file - End initialize module-target build option map, moduleName=entry
[2026-05-12T17:57:44.676] [DEBUG] debug-file - Obtain build option for module 'entry' target 'ohosTest'in this build.
[2026-05-12T17:57:44.590] [DEBUG] debug-file - Obtain build option for module 'entry' target 'default'in this build.
[2026-05-12T17:57:44.685] [DEBUG] debug-file - Since there is no instance or instance is terminated, create a new worker pool.
[2026-05-12T17:57:44.594] [DEBUG] debug-file - Module entry task initialization takes 4 ms 
[2026-05-12T17:57:44.685] [DEBUG] debug-file - Worker pool is initialized with config:  {
  minPoolNum: 2,
  maxPoolNum: undefined,
  maxCoreSize: undefined,
  cacheCapacity: undefined,
  cacheTtl: undefined
}
[2026-05-12T17:57:44.594] [DEBUG] debug-file - Hap plugin register hook start...
[2026-05-12T17:57:44.594] [DEBUG] debug-file - Hap plugin register hook end...
[2026-05-12T17:57:44.594] [DEBUG] debug-file - Plugin build process completed
[2026-05-12T17:57:44.594] [DEBUG] debug-file - hvigorfile, binding custom plugins []
[2026-05-12T17:57:44.594] [DEBUG] debug-file - hvigorfile, no custom plugins were found in D:\software\HarmonyOs-Clock-Demo-main\entry\hvigorfile.ts
[2026-05-12T17:57:44.594] [DEBUG] debug-file - hvigorfile, resolve finished D:\software\HarmonyOs-Clock-Demo-main\entry\hvigorfile.ts
[2026-05-12T17:57:58.984] [DEBUG] debug-file - env: nodejsVersion=v18.20.1
[2026-05-12T17:57:59.056] [DEBUG] debug-file - env: daemon=true
[2026-05-12T17:57:58.986] [DEBUG] debug-file - env: hvigor-config.json5 content = {
  modelVersion: '5.0.2',
  dependencies: {},
  execution: {},
  logging: {},
  debugging: {},
  nodeOptions: {}
}
[2026-05-12T17:57:59.787] [DEBUG] debug-file - java daemon tryConnect failed Error: connect ECONNREFUSED 127.0.0.1:45050
[2026-05-12T17:57:59.799] [DEBUG] debug-file - java daemon started at port 45050 pid 31296
[2026-05-12T17:57:59.827] [DEBUG] debug-file - session manager: set active socket. socketId=SX8_cV6-UDbdtR-IAAAB
[2026-05-12T17:58:00.513] [DEBUG] debug-file - watch worker: worker id should be larger than 0. Nothing will be sent to any worker thread.
[2026-05-12T17:58:00.520] [DEBUG] debug-file - Since there is no instance or instance is terminated, create a new worker pool.
[2026-05-12T17:58:00.521] [DEBUG] debug-file - Worker pool is initialized with config:  {
  minPoolNum: 2,
  maxPoolNum: undefined,
  maxCoreSize: undefined,
  cacheCapacity: undefined,
  cacheTtl: undefined
}
[2026-05-12T17:58:00.522] [DEBUG] debug-file - Create  resident worker with id: 0.
[2026-05-12T17:58:00.525] [DEBUG] debug-file - Create  resident worker with id: 1.
[2026-05-12T17:58:00.529] [DEBUG] debug-file - Workers' log level updated to INFO
[2026-05-12T17:58:00.538] [DEBUG] debug-file - Hvigor init with startParameters:{
  hvigorfileTypeCheck: false,
  parallelExecution: true,
  incrementalExecution: true,
  printStackTrace: false,
  daemon: true,
  analyze: 0,
  logLevel: Level { level: 20000, levelStr: 'INFO', colour: 'green' },
  optimizationStrategy: 'memory',
  hotCompile: undefined,
  hotReloadBuild: undefined,
  customizedParam: undefined
}
[2026-05-12T17:58:00.539] [DEBUG] debug-file - Cache service initialization finished in 1 ms 
[2026-05-12T17:58:00.541] [DEBUG] debug-file - hvigorfile, resolving D:\software\HarmonyOs-Clock-Demo-main\hvigorfile.ts
[2026-05-12T17:58:02.461] [DEBUG] debug-file - hvigorfile, require result:  { default: { plugins: [] } }
[2026-05-12T17:58:02.461] [DEBUG] debug-file - hvigorfile, binding system plugins null
[2026-05-12T17:58:02.462] [DEBUG] debug-file - Starting plugin build process
[2026-05-12T17:58:02.462] [DEBUG] debug-file - App plugin prepare start...
[2026-05-12T17:58:02.462] [DEBUG] debug-file - App plugin prepare end...
[2026-05-12T17:58:02.462] [DEBUG] debug-file - App plugin creating...
[2026-05-12T17:58:02.616] [DEBUG] debug-file - App plugin register hook start...
[2026-05-12T17:58:02.616] [DEBUG] debug-file - App plugin register hook end...
[2026-05-12T17:58:02.616] [DEBUG] debug-file - Plugin build process completed
[2026-05-12T17:58:02.618] [DEBUG] debug-file - Start initialize project's product build option map with build mode debug.
[2026-05-12T17:58:02.618] [DEBUG] debug-file - Picking option from product 'default' with build mode 'debug'.
[2026-05-12T17:58:02.619] [DEBUG] debug-file - Product 'default' build option initialized
[2026-05-12T17:58:02.619] [DEBUG] debug-file - End initialize project's product build option map with build mode 'debug'.
[2026-05-12T17:58:02.621] [DEBUG] debug-file - Obtain build option for product 'default'in this build.
[2026-05-12T17:58:02.627] [DEBUG] debug-file - No signingConfig found, initRemoteHspCache failed.
[2026-05-12T17:58:02.629] [DEBUG] debug-file - Local scan or download HarmonyOS sdk components toolchains,ets,js,native,previewer
[2026-05-12T17:58:02.630] [DEBUG] debug-file - Local scan or download hmscore sdk components toolchains,ets,native
[2026-05-12T17:58:02.632] [DEBUG] debug-file - Start recording SDK configuration permission data.
[2026-05-12T17:58:02.668] [DEBUG] debug-file - Sdk init in 41 ms 
[2026-05-12T17:58:02.674] [DEBUG] debug-file - Project task initialization takes 4 ms 
[2026-05-12T17:58:02.674] [DEBUG] debug-file - hvigorfile, binding custom plugins []
[2026-05-12T17:58:02.674] [DEBUG] debug-file - hvigorfile, no custom plugins were found in D:\software\HarmonyOs-Clock-Demo-main\hvigorfile.ts
[2026-05-12T17:58:02.674] [DEBUG] debug-file - hvigorfile, resolve finished D:\software\HarmonyOs-Clock-Demo-main\hvigorfile.ts
[2026-05-12T17:58:02.675] [DEBUG] debug-file - hvigorfile, resolving D:\software\HarmonyOs-Clock-Demo-main\entry\hvigorfile.ts
[2026-05-12T17:58:02.679] [DEBUG] debug-file - hvigorfile, require result:  { default: { plugins: [] } }
[2026-05-12T17:58:02.679] [DEBUG] debug-file - hvigorfile, binding system plugins null
[2026-05-12T17:58:02.679] [DEBUG] debug-file - Starting plugin build process
[2026-05-12T17:58:02.680] [DEBUG] debug-file - Hap plugin creating...
[2026-05-12T17:58:02.680] [DEBUG] debug-file - failed to load cangjie to dynamically generate schemas: Error: Cannot find module '@ohos/cangjie-build-support/index'
Require stack:
- D:\software\DevEco Studio\tools\hvigor\hvigor-ohos-plugin\src\plugin\hooks\cangjie-register.js
- D:\software\DevEco Studio\tools\hvigor\hvigor-ohos-plugin\src\plugin\strategy\stage-init-strategy.js
- D:\software\DevEco Studio\tools\hvigor\hvigor-ohos-plugin\src\plugin\builder\abstract-plugin-builder.js
- D:\software\DevEco Studio\tools\hvigor\hvigor-ohos-plugin\src\plugin\builder\app-plugin-builder.js
- D:\software\DevEco Studio\tools\hvigor\hvigor-ohos-plugin\src\plugin\factory\plugin-factory.js
- D:\software\DevEco Studio\tools\hvigor\hvigor-ohos-plugin\index.js
- D:\software\HarmonyOs-Clock-Demo-main\hvigorfile.ts
- D:\software\DevEco Studio\tools\hvigor\hvigor\src\base\internal\lifecycle\configuration.js
- D:\software\DevEco Studio\tools\hvigor\hvigor\src\base\boot\index.js
- D:\software\DevEco Studio\tools\hvigor\hvigor\src\base\daemon\cluster\worker-process-lifecycle.js
- D:\software\DevEco Studio\tools\hvigor\hvigor\src\base\daemon\process\daemon-process-boot-script.js
[2026-05-12T17:58:02.691] [DEBUG] debug-file - Start initialize module-target build option map, moduleName=entry, buildMode=debug
[2026-05-12T17:58:02.691] [DEBUG] debug-file - Target 'default' config initialized
[2026-05-12T17:58:02.691] [DEBUG] debug-file - Target 'ohosTest' config initialized
[2026-05-12T17:58:02.691] [DEBUG] debug-file - Module 'entry' target 'default' build option initialized
[2026-05-12T17:58:02.691] [DEBUG] debug-file - Module 'entry' target 'ohosTest' build option initialized
[2026-05-12T17:58:02.691] [DEBUG] debug-file - End initialize module-target build option map, moduleName=entry
[2026-05-12T17:58:02.691] [DEBUG] debug-file - Start initialize module-target build option map, moduleName=entry, buildMode=release
[2026-05-12T17:58:02.691] [DEBUG] debug-file - Target 'default' config initialized
[2026-05-12T17:58:02.692] [DEBUG] debug-file - Target 'ohosTest' config initialized
[2026-05-12T17:58:02.692] [DEBUG] debug-file - Module 'entry' target 'default' build option initialized
[2026-05-12T17:58:02.692] [DEBUG] debug-file - Module 'entry' target 'ohosTest' build option initialized
[2026-05-12T17:58:02.692] [DEBUG] debug-file - End initialize module-target build option map, moduleName=entry
[2026-05-12T17:58:02.692] [DEBUG] debug-file - Start initialize module-target build option map, moduleName=entry, buildMode=debug
[2026-05-12T17:58:02.692] [DEBUG] debug-file - Target 'default' config initialized
[2026-05-12T17:58:02.692] [DEBUG] debug-file - Target 'ohosTest' config initialized
[2026-05-12T17:58:02.692] [DEBUG] debug-file - Module 'entry' target 'default' build option initialized
[2026-05-12T17:58:02.692] [DEBUG] debug-file - Module 'entry' target 'ohosTest' build option initialized
[2026-05-12T17:58:02.693] [DEBUG] debug-file - End initialize module-target build option map, moduleName=entry
[2026-05-12T17:58:02.693] [DEBUG] debug-file - Obtain build option for module 'entry' target 'default'in this build.
[2026-05-12T17:58:02.697] [DEBUG] debug-file - Module entry task initialization takes 4 ms 
[2026-05-12T17:58:02.697] [DEBUG] debug-file - Hap plugin register hook start...
[2026-05-12T17:58:02.697] [DEBUG] debug-file - Hap plugin register hook end...
[2026-05-12T17:58:02.697] [DEBUG] debug-file - Plugin build process completed
[2026-05-12T17:58:02.697] [DEBUG] debug-file - hvigorfile, binding custom plugins []
[2026-05-12T17:58:02.697] [DEBUG] debug-file - hvigorfile, no custom plugins were found in D:\software\HarmonyOs-Clock-Demo-main\entry\hvigorfile.ts
[2026-05-12T17:58:02.697] [DEBUG] debug-file - hvigorfile, resolve finished D:\software\HarmonyOs-Clock-Demo-main\entry\hvigorfile.ts
[2026-05-12T17:58:02.718] [DEBUG] debug-file - hvigorfile, resolve hvigorfile dependencies in 21 ms 
[2026-05-12T17:58:02.718] [DEBUG] debug-file - project has submodules:entry
[2026-05-12T17:58:02.720] [DEBUG] debug-file - start to load updatedOhPackageInfo to the disk
[2026-05-12T17:58:02.743] [DEBUG] debug-file - load to the disk finished
[2026-05-12T17:58:02.744] [DEBUG] debug-file - Start to initialize dependency information.
[2026-05-12T17:58:02.752] [DEBUG] debug-file - Module HarmonyOs-Clock-Demo-main Collected Dependency: 
[2026-05-12T17:58:02.752] [DEBUG] debug-file - Module HarmonyOs-Clock-Demo-main's total dependency: 0
[2026-05-12T17:58:02.753] [DEBUG] debug-file - Start to initialize dependency information.
[2026-05-12T17:58:02.756] [DEBUG] debug-file - Module entry Collected Dependency: 
[2026-05-12T17:58:02.756] [DEBUG] debug-file - Module entry's total dependency: 0
[2026-05-12T17:58:02.760] [DEBUG] debug-file - Configuration phase cost:2 s 220 ms 
[2026-05-12T17:58:02.761] [DEBUG] debug-file - Configuration task cost before running: 2 s 232 ms 
[2026-05-12T17:58:02.765] [DEBUG] debug-file - Executing task :entry:default@PreBuild
[2026-05-12T17:58:02.766] [WARN] debug-file - The project has not explicitly set the 'targetSdkVersion' version at build-profile.json5. It is recommended to configure it. Reference: https://developer.huawei.com/consumer/cn/doc/harmonyos-guides/ide-hvigor-build-profile-app#section45865492619
[2026-05-12T17:58:02.767] [DEBUG] debug-file - Task 'entry:default@PreBuild' cost while wrapping incremental declarations: 1 ms 
[2026-05-12T17:58:02.894] [DEBUG] debug-file - current product is not Atomic service.
[2026-05-12T17:58:02.895] [DEBUG] debug-file - Use tool [win32: JAVA_HOME, CLASSPATH]
 [
  { JAVA_HOME: 'D:\\software\\DevEco Studio\\jbr' },
  { CLASSPATH: undefined }
]
[2026-05-12T17:58:02.896] [DEBUG] debug-file - Use tool [win32: NODE_HOME]
 [ { NODE_HOME: 'D:\\software\\DevEco Studio\\tools\\node' } ]
[2026-05-12T17:58:02.897] [DEBUG] debug-file - entry : default@PreBuild cost memory 17.227378845214844
[2026-05-12T17:58:02.897] [DEBUG] debug-file - runTaskFromQueue task cost before running: 2 s 368 ms 
[2026-05-12T17:58:02.898] [INFO] debug-file - Finished :entry:default@PreBuild... after 132 ms 
[2026-05-12T17:58:02.899] [DEBUG] debug-file - Executing task :entry:default@CreateModuleInfo
[2026-05-12T17:58:02.900] [DEBUG] debug-file - Task 'entry:default@CreateModuleInfo' cost while wrapping incremental declarations: 1 ms 
[2026-05-12T17:58:02.900] [DEBUG] debug-file - entry : default@CreateModuleInfo cost memory -0.01566314697265625
[2026-05-12T17:58:02.900] [DEBUG] debug-file - runTaskFromQueue task cost before running: 2 s 371 ms 
[2026-05-12T17:58:02.900] [INFO] debug-file - Finished :entry:default@CreateModuleInfo... after 1 ms 
[2026-05-12T17:58:02.903] [DEBUG] debug-file - Executing task :entry:default@GenerateMetadata
[2026-05-12T17:58:02.904] [DEBUG] debug-file - Task 'entry:default@GenerateMetadata' cost while wrapping incremental declarations: 1 ms 
[2026-05-12T17:58:02.906] [DEBUG] debug-file - entry : default@GenerateMetadata cost memory 0.0625762939453125
[2026-05-12T17:58:02.906] [DEBUG] debug-file - runTaskFromQueue task cost before running: 2 s 377 ms 
[2026-05-12T17:58:02.906] [INFO] debug-file - Finished :entry:default@GenerateMetadata... after 3 ms 
[2026-05-12T17:58:02.907] [DEBUG] debug-file - Executing task :entry:default@ConfigureCmake
[2026-05-12T17:58:02.907] [DEBUG] debug-file - entry : default@ConfigureCmake cost memory 0.0145111083984375
[2026-05-12T17:58:02.907] [DEBUG] debug-file - runTaskFromQueue task cost before running: 2 s 378 ms 
[2026-05-12T17:58:02.907] [INFO] debug-file - Finished :entry:default@ConfigureCmake... after 1 ms 
[2026-05-12T17:58:02.908] [DEBUG] debug-file - Executing task :entry:default@MergeProfile
[2026-05-12T17:58:02.908] [DEBUG] debug-file - Task 'entry:default@MergeProfile' cost while wrapping incremental declarations: 1 ms 
[2026-05-12T17:58:02.909] [DEBUG] debug-file - Change app api release type with 'Release'
[2026-05-12T17:58:02.910] [DEBUG] debug-file - Change app compile API version with '6.0.2.130'
[2026-05-12T17:58:02.910] [DEBUG] debug-file - Change app target API version with '60002022'
[2026-05-12T17:58:02.910] [DEBUG] debug-file - Change app minimum API version with '50002014'
[2026-05-12T17:58:02.910] [DEBUG] debug-file - Use cli appEnvironment
[2026-05-12T17:58:02.912] [DEBUG] debug-file - entry : default@MergeProfile cost memory 0.15967559814453125
[2026-05-12T17:58:02.912] [DEBUG] debug-file - runTaskFromQueue task cost before running: 2 s 383 ms 
[2026-05-12T17:58:02.912] [INFO] debug-file - Finished :entry:default@MergeProfile... after 5 ms 
[2026-05-12T17:58:02.914] [DEBUG] debug-file - Executing task :entry:default@CreateBuildProfile
[2026-05-12T17:58:02.914] [DEBUG] debug-file - Task 'entry:default@CreateBuildProfile' cost while wrapping incremental declarations: 1 ms 
[2026-05-12T17:58:02.916] [DEBUG] debug-file - entry : default@CreateBuildProfile cost memory 0.06539154052734375
[2026-05-12T17:58:02.916] [DEBUG] debug-file - runTaskFromQueue task cost before running: 2 s 387 ms 
[2026-05-12T17:58:02.916] [INFO] debug-file - Finished :entry:default@CreateBuildProfile... after 3 ms 
[2026-05-12T17:58:02.917] [DEBUG] debug-file - Executing task :entry:default@PreCheckSyscap
[2026-05-12T17:58:02.918] [DEBUG] debug-file - entry : default@PreCheckSyscap cost memory 0.01471710205078125
[2026-05-12T17:58:02.918] [DEBUG] debug-file - runTaskFromQueue task cost before running: 2 s 388 ms 
[2026-05-12T17:58:02.918] [INFO] debug-file - Finished :entry:default@PreCheckSyscap... after 1 ms 
[2026-05-12T17:58:02.919] [DEBUG] debug-file - Executing task :entry:default@GeneratePkgContextInfo
[2026-05-12T17:58:02.924] [DEBUG] debug-file - Task 'entry:default@GeneratePkgContextInfo' cost while wrapping incremental declarations: 1 ms 
[2026-05-12T17:58:02.925] [DEBUG] debug-file - entry : default@GeneratePkgContextInfo cost memory 0.6440963745117188
[2026-05-12T17:58:02.925] [DEBUG] debug-file - runTaskFromQueue task cost before running: 2 s 396 ms 
[2026-05-12T17:58:02.926] [INFO] debug-file - Finished :entry:default@GeneratePkgContextInfo... after 7 ms 
[2026-05-12T17:58:02.929] [DEBUG] debug-file - Executing task :entry:default@ProcessIntegratedHsp
[2026-05-12T17:58:02.930] [DEBUG] debug-file - entry : default@ProcessIntegratedHsp cost memory 0.0291290283203125
[2026-05-12T17:58:02.930] [DEBUG] debug-file - runTaskFromQueue task cost before running: 2 s 401 ms 
[2026-05-12T17:58:02.930] [INFO] debug-file - Finished :entry:default@ProcessIntegratedHsp... after 1 ms 
[2026-05-12T17:58:02.932] [DEBUG] debug-file - Executing task :entry:default@BuildNativeWithCmake
[2026-05-12T17:58:02.932] [DEBUG] debug-file - entry : default@BuildNativeWithCmake cost memory 0.014862060546875
[2026-05-12T17:58:02.932] [DEBUG] debug-file - runTaskFromQueue task cost before running: 2 s 403 ms 
[2026-05-12T17:58:02.932] [INFO] debug-file - Finished :entry:default@BuildNativeWithCmake... after 1 ms 
[2026-05-12T17:58:02.933] [DEBUG] debug-file - Executing task :entry:default@MakePackInfo
[2026-05-12T17:58:02.936] [DEBUG] debug-file - Module Pack Info:  {
  summary: {
    app: { bundleName: 'c***o', bundleType: 'app', version: [Object] },
    modules: [ [Object] ]
  },
  packages: [
    {
      deviceType: [Array],
      moduleType: 'entry',
      deliveryWithInstall: true,
      name: 'entry-default'
    }
  ]
}
[2026-05-12T17:58:02.937] [DEBUG] debug-file - entry : default@MakePackInfo cost memory 0.1064910888671875
[2026-05-12T17:58:02.937] [DEBUG] debug-file - runTaskFromQueue task cost before running: 2 s 408 ms 
[2026-05-12T17:58:02.938] [INFO] debug-file - Finished :entry:default@MakePackInfo... after 5 ms 
[2026-05-12T17:58:02.940] [DEBUG] debug-file - Executing task :entry:default@SyscapTransform
[2026-05-12T17:58:02.940] [DEBUG] debug-file - File: 'D:\software\HarmonyOs-Clock-Demo-main\entry\src\main\syscap.json' from 'sysCapJsonPath' is not exists, just ignore.
[2026-05-12T17:58:02.941] [DEBUG] debug-file - Task 'entry:default@SyscapTransform' cost while wrapping incremental declarations: 1 ms 
[2026-05-12T17:58:02.941] [DEBUG] debug-file - entry : default@SyscapTransform cost memory 0.05362701416015625
[2026-05-12T17:58:02.942] [DEBUG] debug-file - runTaskFromQueue task cost before running: 2 s 412 ms 
[2026-05-12T17:58:02.942] [INFO] debug-file - Finished :entry:default@SyscapTransform... after 2 ms 
[2026-05-12T17:58:02.943] [DEBUG] debug-file - Executing task :entry:default@ProcessProfile
[2026-05-12T17:58:02.945] [DEBUG] debug-file - Task 'entry:default@ProcessProfile' cost while wrapping incremental declarations: 1 ms 
[2026-05-12T17:58:02.946] [DEBUG] debug-file - [
  'D:\\software\\DevEco Studio\\tools\\node\\node.exe',
  'D:\\software\\DevEco Studio\\sdk\\default\\openharmony\\ets\\build-tools\\ets-loader\\bin\\ark\\ts2abc.js',
  '--target-api-version',
  '14'
]
[2026-05-12T17:58:03.097] [DEBUG] debug-file - 12.0.6.0
[2026-05-12T17:58:03.100] [DEBUG] debug-file - No need to add fake ui ability because of not in preview process.
[2026-05-12T17:58:03.101] [DEBUG] debug-file - entry : default@ProcessProfile cost memory 2.2611160278320312
[2026-05-12T17:58:03.101] [DEBUG] debug-file - runTaskFromQueue task cost before running: 2 s 571 ms 
[2026-05-12T17:58:03.101] [INFO] debug-file - Finished :entry:default@ProcessProfile... after 158 ms 
[2026-05-12T17:58:03.102] [DEBUG] debug-file - Executing task :entry:default@ProcessRouterMap
[2026-05-12T17:58:03.105] [DEBUG] debug-file - entry : default@ProcessRouterMap cost memory 0.092864990234375
[2026-05-12T17:58:03.105] [DEBUG] debug-file - runTaskFromQueue task cost before running: 2 s 576 ms 
[2026-05-12T17:58:03.106] [INFO] debug-file - Finished :entry:default@ProcessRouterMap... after 3 ms 
[2026-05-12T17:58:03.107] [DEBUG] debug-file - Executing task :entry:default@ProcessShareConfig
[2026-05-12T17:58:03.111] [DEBUG] debug-file - entry : default@ProcessShareConfig cost memory 0.0745697021484375
[2026-05-12T17:58:03.111] [DEBUG] debug-file - runTaskFromQueue task cost before running: 2 s 582 ms 
[2026-05-12T17:58:03.111] [INFO] debug-file - Finished :entry:default@ProcessShareConfig... after 4 ms 
[2026-05-12T17:58:03.113] [DEBUG] debug-file - Executing task :entry:default@ProcessStartupConfig
[2026-05-12T17:58:03.113] [DEBUG] debug-file - Task 'entry:default@ProcessStartupConfig' cost while wrapping incremental declarations: 1 ms 
[2026-05-12T17:58:03.114] [DEBUG] debug-file - entry : default@ProcessStartupConfig cost memory 0.09197235107421875
[2026-05-12T17:58:03.115] [DEBUG] debug-file - runTaskFromQueue task cost before running: 2 s 585 ms 
[2026-05-12T17:58:03.115] [INFO] debug-file - Finished :entry:default@ProcessStartupConfig... after 2 ms 
[2026-05-12T17:58:03.116] [DEBUG] debug-file - Executing task :entry:default@BuildNativeWithNinja
[2026-05-12T17:58:03.117] [DEBUG] debug-file - entry : default@BuildNativeWithNinja cost memory 0.026824951171875
[2026-05-12T17:58:03.117] [DEBUG] debug-file - runTaskFromQueue task cost before running: 2 s 587 ms 
[2026-05-12T17:58:03.117] [INFO] debug-file - Finished :entry:default@BuildNativeWithNinja... after 1 ms 
[2026-05-12T17:58:03.118] [DEBUG] debug-file - restool module names: entry; moduleName=entry, taskName=default@ProcessResource
[2026-05-12T17:58:03.119] [DEBUG] debug-file - Executing task :entry:default@ProcessResource
[2026-05-12T17:58:03.120] [DEBUG] debug-file - Task 'entry:default@ProcessResource' cost while wrapping incremental declarations: 1 ms 
[2026-05-12T17:58:03.121] [DEBUG] debug-file - entry : default@ProcessResource cost memory 0.11499786376953125
[2026-05-12T17:58:03.122] [DEBUG] debug-file - runTaskFromQueue task cost before running: 2 s 592 ms 
[2026-05-12T17:58:03.122] [INFO] debug-file - Finished :entry:default@ProcessResource... after 3 ms 
[2026-05-12T17:58:03.124] [DEBUG] debug-file - Executing task :entry:default@GenerateLoaderJson
[2026-05-12T17:58:03.126] [DEBUG] debug-file - Task 'entry:default@GenerateLoaderJson' cost while wrapping incremental declarations: 1 ms 
[2026-05-12T17:58:03.135] [DEBUG] debug-file - entry : default@GenerateLoaderJson cost memory 0.6054840087890625
[2026-05-12T17:58:03.135] [DEBUG] debug-file - runTaskFromQueue task cost before running: 2 s 606 ms 
[2026-05-12T17:58:03.137] [INFO] debug-file - Finished :entry:default@GenerateLoaderJson... after 11 ms 
[2026-05-12T17:58:03.139] [DEBUG] debug-file - Executing task :entry:default@ProcessLibs
[2026-05-12T17:58:03.145] [DEBUG] debug-file - Worker dispatch failed, running processLibs on main thread.
[2026-05-12T17:58:03.147] [DEBUG] debug-file - entry : default@ProcessLibs cost memory 0.26708221435546875
[2026-05-12T17:58:03.147] [DEBUG] debug-file - runTaskFromQueue task cost before running: 2 s 618 ms 
[2026-05-12T17:58:03.148] [INFO] debug-file - Finished :entry:default@ProcessLibs... after 9 ms 
[2026-05-12T17:58:03.149] [DEBUG] debug-file - restool module names: entry; moduleName=entry, taskName=default@CompileResource
[2026-05-12T17:58:03.150] [DEBUG] debug-file - Executing task :entry:default@CompileResource
[2026-05-12T17:58:03.161] [DEBUG] debug-file - Use tool [D:\software\DevEco Studio\sdk\default\openharmony\toolchains\restool.exe]
 [
  'D:\\software\\DevEco Studio\\sdk\\default\\openharmony\\toolchains\\restool.exe',
  '-l',
  'D:\\software\\HarmonyOs-Clock-Demo-main\\entry\\build\\default\\intermediates\\res\\default\\resConfig.json'
]
[2026-05-12T17:58:03.162] [DEBUG] debug-file - current process  memoryUsage: {
  rss: 278298624,
  heapTotal: 167686144,
  heapUsed: 141680824,
  external: 14040220,
  arrayBuffers: 11138978
} os memoryUsage :13.998916625976562
[2026-05-12T17:58:03.211] [DEBUG] debug-file - Info: Pack: normal pack mode

[2026-05-12T17:58:03.303] [DEBUG] debug-file - Info: hardware concurrency count is : 24
Info: thread count is : 24

[2026-05-12T17:58:03.303] [DEBUG] debug-file - Info: thread pool is started

[2026-05-12T17:58:03.305] [DEBUG] debug-file - Info: GenericCompiler::CompileFiles

[2026-05-12T17:58:03.309] [DEBUG] debug-file - Info: GenericCompiler::CompileFiles

[2026-05-12T17:58:03.319] [DEBUG] debug-file - Info: GenericCompiler::CompileFiles

[2026-05-12T17:58:03.326] [DEBUG] debug-file - 05-12 17:58:03.326 14080 15856 E C01400/ImageTranscoderUtils: DecodeToRGBA IN
05-12 17:58:03.326 14080 15856 E C01400/ImageTranscoderUtils: ImageFilter IN D:\software\HarmonyOs-Clock-Demo-main\AppScope\resources\base\media\app_icon.png

[2026-05-12T17:58:03.343] [DEBUG] debug-file - 05-12 17:58:03.342 14080 15856 E C01400/ImageTranscoder: TranscodeSLR Only zoom-out is supported.

[2026-05-12T17:58:03.343] [DEBUG] debug-file - Warning: ScaleImage failed, error message: INVALID_PARAMETERS, file path = D:\software\HarmonyOs-Clock-Demo-main\AppScope\resources\base\media\app_icon.png

[2026-05-12T17:58:03.346] [DEBUG] debug-file - 05-12 17:58:03.345 14080 15856 E C01400/ImageTranscoderUtils: DecodeToRGBA IN
05-12 17:58:03.345 14080 15856 E C01400/ImageTranscoderUtils: ImageFilter IN D:\software\HarmonyOs-Clock-Demo-main\entry\src\main\resources\base\media\background.png

[2026-05-12T17:58:03.403] [DEBUG] debug-file - 05-12 17:58:03.403 14080 15856 E C01400/ImageTranscoderUtils: DecodeToRGBA IN

[2026-05-12T17:58:03.404] [DEBUG] debug-file - 05-12 17:58:03.403 14080 15856 E C01400/ImageTranscoderUtils: ImageFilter IN D:\software\HarmonyOs-Clock-Demo-main\entry\src\main\resources\base\media\foreground.png

[2026-05-12T17:58:03.596] [DEBUG] debug-file - Info: can't scale media json file.

[2026-05-12T17:58:03.597] [DEBUG] debug-file - Warning: The width or height of the png file referenced by the icon exceeds the limit (41 pixels)
at D:\software\HarmonyOs-Clock-Demo-main\entry\src\main\resources\base\media\background.png

[2026-05-12T17:58:03.597] [DEBUG] debug-file - Warning: The width or height of the png file referenced by the icon exceeds the limit (41 pixels)
at D:\software\HarmonyOs-Clock-Demo-main\entry\src\main\resources\base\media\foreground.png
Warning: D:\software\HarmonyOs-Clock-Demo-main\entry\src\main\resources\base\media\layered_image.json is not png format

[2026-05-12T17:58:03.605] [DEBUG] debug-file - Warning: The width or height of the png file referenced by the startWindowIcon exceeds the limit (144 pixels)
at D:\software\HarmonyOs-Clock-Demo-main\entry\src\main\resources\base\media\startIcon.png

[2026-05-12T17:58:03.606] [DEBUG] debug-file - Info: restool resources compile success.

[2026-05-12T17:58:03.607] [DEBUG] debug-file - Info: thread pool is stopped

[2026-05-12T17:58:03.677] [DEBUG] debug-file - entry : default@CompileResource cost memory -27.565673828125
[2026-05-12T17:58:03.677] [DEBUG] debug-file - runTaskFromQueue task cost before running: 3 s 148 ms 
[2026-05-12T17:58:03.677] [INFO] debug-file - Finished :entry:default@CompileResource... after 528 ms 
[2026-05-12T17:58:03.678] [DEBUG] debug-file - Executing task :entry:default@DoNativeStrip
[2026-05-12T17:58:03.678] [DEBUG] debug-file - Task 'entry:default@DoNativeStrip' cost while wrapping incremental declarations: 1 ms 
[2026-05-12T17:58:03.681] [DEBUG] debug-file - entry : default@DoNativeStrip cost memory 0.06053924560546875
[2026-05-12T17:58:03.681] [DEBUG] debug-file - runTaskFromQueue task cost before running: 3 s 151 ms 
[2026-05-12T17:58:03.681] [INFO] debug-file - Finished :entry:default@DoNativeStrip... after 3 ms 
[2026-05-12T17:58:03.682] [DEBUG] debug-file - Executing task :entry:default@CompileArkTS
[2026-05-12T17:58:03.683] [DEBUG] debug-file - obfuscationOptions: undefined
[2026-05-12T17:58:03.683] [DEBUG] debug-file - Task 'entry:default@CompileArkTS' cost while wrapping incremental declarations: 1 ms 
[2026-05-12T17:58:03.697] [DEBUG] debug-file - build config:
[2026-05-12T17:58:03.697] [DEBUG] debug-file - {
  moduleType: 'entry',
  perf: 0,
  targetName: '.default',
  packageManagerType: 'ohpm',
  localPropertiesPath: 'D:\\software\\HarmonyOs-Clock-Demo-main\\local.properties',
  isPreview: false,
  isOhosTest: false,
  isLocalTest: false,
  buildMode: 'Debug',
  hotReloadBuild: undefined,
  watchMode: 'false',
  aceProfilePath: 'D:\\software\\HarmonyOs-Clock-Demo-main\\entry\\build\\default\\intermediates\\res\\default\\resources\\base\\profile',
  etsLoaderPath: 'D:\\software\\DevEco Studio\\sdk\\default\\openharmony\\ets\\build-tools\\ets-loader',
  modulePath: 'D:\\software\\HarmonyOs-Clock-Demo-main\\entry',
  testFrameworkPar: {
    testMode: undefined,
    coveragePathFilter: undefined,
    coverageMode: undefined
  },
  needCoverageInsert: false,
  debugLine: false,
  projectTopDir: 'D:\\software\\HarmonyOs-Clock-Demo-main',
  compileSdkVersion: 22,
  compatibleSdkVersion: 14,
  originCompatibleSdkVersion: '5.0.2(14)',
  compatibleSdkVersionStage: undefined,
  bundleName: 'c***o',
  etsLoaderVersion: '6.0.2.130',
  etsLoaderReleaseType: 'Release',
  aotCompileMode: 'type',
  apPath: 'D:\\software\\HarmonyOs-Clock-Demo-main\\entry\\modules.ap',
  entryModuleName: 'entry',
  entryModuleVersion: '1.0.0',
  entryPackageName: 'entry',
  allModuleNameHash: '9d141430151ba9b2394b4374d1e037cea8987624f237cbcf9ed5dc9bfb673785',
  externalApiPaths: [ 'D:\\software\\DevEco Studio\\sdk\\default\\hms\\ets' ],
  compilerTypes: [],
  isCrossplatform: false,
  hvigorPluginFile: undefined,
  compilePluginPath: undefined,
  buildGeneratedProfilePath: 'D:\\software\\HarmonyOs-Clock-Demo-main\\entry\\build\\default\\generated\\profile\\default',
  bundleType: 'app',
  arkTSVersion: undefined,
  apiVersion: 22,
  needCompleteSourcesMap: false,
  isFaMode: false,
  buildDir: 'D:\\software\\HarmonyOs-Clock-Demo-main\\entry\\build',
  deviceTypes: [ 'phone', 'tablet', '2in1' ],
  pkgContextInfo: {
    '@ohos/hypium': {
      packageName: '@ohos/hypium',
      bundleName: '*****',
      moduleName: '',
      version: '1.0.21',
      entryPath: 'index.js',
      isSO: false,
      dependencyAlias: ''
    },
    '@ohos/hamock': {
      packageName: '@ohos/hamock',
      bundleName: '*****',
      moduleName: '',
      version: '1.0.0',
      entryPath: 'index.ets',
      isSO: false,
      dependencyAlias: ''
    },
    entry: {
      packageName: 'entry',
      bundleName: '*****',
      moduleName: '',
      version: '',
      entryPath: 'src/main/',
      isSO: false,
      dependencyAlias: ''
    }
  },
  ohPackagePathMap: {},
  dependencyAliasMap: {},
  permission: { requestPermissions: undefined, definePermissions: undefined },
  useGetCurrentBundleName: false,
  projectArkOption: undefined,
  sourceMapDir: undefined,
  branchElimination: false,
  transformLib: undefined,
  tsImportSendable: false,
  resolveConflictMode: true,
  depName2RootPath: {},
  depName2DepInfo: {},
  rootPathSet: [ 'D:\\software\\HarmonyOs-Clock-Demo-main' ],
  useNativeResolver: true,
  shouldEmitJs: true,
  useTscResolve: false,
  singleFileEmit: false,
  userProjectConfig: {
    autoLazyImport: false,
    allowEmptyBundleName: false,
    reExportCheckMode: 'noCheck',
    executionMode: 'memory',
    usePathPlaceholder: false,
    writeRollupCache: true,
    isExpandImportEnabled: false,
    expandImportExclude: '',
    lazyImportExclude: '',
    lazyImportInclude: '',
    ignoreCrossplatformCheck: false,
    isHarDeduplicateEnabled: false,
    skipOhModulesLint: false,
    enableStrictCheckOHModule: false,
    disableSendableCheckRules: [],
    useDeclarationFileSignature: false,
    customizedOptions: undefined,
    integratedHsp: false,
    isPreloadSoEnabled: false
  },
  executionMode: 'memory',
  arkCompileCachePath: 'D:\\software\\HarmonyOs-Clock-Demo-main\\entry\\build\\default\\cache\\default\\default@CompileArkTS\\esmodule',
  autoLazyFilter: undefined,
  isHarDeduplicateEnabled: false,
  intermediateHarDuplicateDirPath: 'D:\\software\\HarmonyOs-Clock-Demo-main\\entry\\build\\default\\intermediates\\har_duplicate\\default',
  autoLazyImport: false,
  allowEmptyBundleName: false,
  reExportCheckMode: 'noCheck',
  usePathPlaceholder: false,
  writeRollupCache: true,
  isExpandImportEnabled: false,
  expandImportExclude: '',
  lazyImportExclude: '',
  lazyImportInclude: '',
  ignoreCrossplatformCheck: false,
  skipOhModulesLint: false,
  enableStrictCheckOHModule: false,
  disableSendableCheckRules: [],
  useDeclarationFileSignature: false,
  customizedOptions: undefined,
  integratedHsp: false,
  isPreloadSoEnabled: false,
  strictMode: {
    caseSensitiveCheck: true,
    useNormalizedOHMUrl: true,
    noExternalImportByPath: true
  },
  useNormalizedOHMUrl: true,
  caseSensitiveCheck: true,
  aceModuleJsonPath: 'D:\\software\\HarmonyOs-Clock-Demo-main\\entry\\build\\default\\intermediates\\res\\default\\ark_module.json',
  appResource: 'D:\\software\\HarmonyOs-Clock-Demo-main\\entry\\build\\default\\intermediates\\res\\default\\ResourceTable.txt',
  rawFileResource: 'D:\\software\\HarmonyOs-Clock-Demo-main\\entry\\build\\default\\intermediates\\res\\default\\resources\\rawfile',
  resourceTableHash: 'dfae45b5d67c3c9702b323484c11a0fe2a6751772d53f0d6f4575baff8b9d1fb',
  runtimeOS: 'HarmonyOS',
  sdkInfo: 'false:22:6.0.2.130:Release',
  aceModuleRoot: 'D:\\software\\HarmonyOs-Clock-Demo-main\\entry\\src\\main\\ets',
  compileMode: 'esmodule',
  aceSuperVisualPath: 'D:\\software\\HarmonyOs-Clock-Demo-main\\entry\\src\\main\\supervisual',
  aceBuildJson: 'D:\\software\\HarmonyOs-Clock-Demo-main\\entry\\build\\default\\intermediates\\loader\\default\\loader.json',
  cachePath: 'D:\\software\\HarmonyOs-Clock-Demo-main\\entry\\build\\default\\cache\\default\\default@CompileArkTS\\esmodule\\debug',
  aceModuleBuild: 'D:\\software\\HarmonyOs-Clock-Demo-main\\entry\\build\\default\\intermediates\\loader_out\\default\\ets',
  supportChunks: true,
  declaredFilesPath: undefined,
  shouldCollectDirectImportees: false,
  isByteCodeHarOptimize: false,
  expandImportPath: undefined,
  pkgNameToPkgBriefInfo: {
    entry: {
      pkgRoot: 'D:\\software\\HarmonyOs-Clock-Demo-main\\entry',
      originalSourceRoots: undefined,
      sourceRoots: [Array],
      pkgName: 'entry'
    }
  },
  projectModel: {
    'D:\\software\\HarmonyOs-Clock-Demo-main\\entry\\src\\main': {
      moduleName: 'entry',
      modulePkgPath: 'D:\\software\\HarmonyOs-Clock-Demo-main\\entry',
      belongProjectPath: 'D:\\software\\HarmonyOs-Clock-Demo-main'
    },
    'D:\\software\\HarmonyOs-Clock-Demo-main\\entry\\.test\\default\\intermediates\\src\\ohosTest\\ets': {
      moduleName: 'entry_test',
      modulePkgPath: 'D:\\software\\HarmonyOs-Clock-Demo-main\\entry',
      belongProjectPath: 'D:\\software\\HarmonyOs-Clock-Demo-main'
    },
    'D:\\software\\HarmonyOs-Clock-Demo-main\\entry\\src\\ohosTest': {
      moduleName: 'entry_test',
      modulePkgPath: 'D:\\software\\HarmonyOs-Clock-Demo-main\\entry',
      belongProjectPath: 'D:\\software\\HarmonyOs-Clock-Demo-main'
    },
    'D:\\software\\HarmonyOs-Clock-Demo-main\\entry': {
      moduleName: 'entry',
      modulePkgPath: 'D:\\software\\HarmonyOs-Clock-Demo-main\\entry',
      belongProjectPath: 'D:\\software\\HarmonyOs-Clock-Demo-main'
    },
    'D:\\software\\HarmonyOs-Clock-Demo-main': {
      moduleName: 'HarmonyOs-Clock-Demo-main',
      modulePkgPath: 'D:\\software\\HarmonyOs-Clock-Demo-main',
      belongProjectPath: 'D:\\software\\HarmonyOs-Clock-Demo-main'
    }
  },
  pkgJsonFileHash: '452488ea07aaad7b1352a9f9f4eb111bfbf3f240d3847d0957fc925f6bf4b5f8',
  allModulePaths: [ 'D:\\software\\HarmonyOs-Clock-Demo-main\\entry' ],
  routerMap: {},
  obfuscationOptions: undefined,
  byteCodeHarToDependencyKeys: undefined,
  compileBlockPkg: [],
  mockParams: {
    decorator: '@MockSetup',
    packageName: '@ohos/hamock',
    etsSourceRootPath: 'src/main/ets',
    mockConfigPath: 'D:\\software\\HarmonyOs-Clock-Demo-main\\entry\\src\\mock\\mock-config.json5',
    mockConfigKey2ModuleInfo: {},
    source2ModuleIdMap: {}
  },
  copyCodeResourceEnable: true,
  copyCodeResourceExcludes: [],
  copyCodeResourceIncludes: undefined,
  uiTransformOptimization: false,
  sdkPath: 'D:/software/DevEco Studio/sdk',
  needPreloadSoFileSet: {},
  preloadSoFilePath: 'D:\\software\\HarmonyOs-Clock-Demo-main\\entry\\build\\default\\intermediates\\preload\\default\\preload.json',
  useSourceHash: false,
  localModuleParamMap: {},
  otherPaths: {
    'entry/*': [
      '..\\*',
      '..\\..\\..\\build\\default\\generated\\profile\\default\\*'
    ]
  },
  collectImportersConfig: undefined
}
[2026-05-12T17:58:03.698] [DEBUG] debug-file - Compile arkts with external api path: D:\software\DevEco Studio\sdk\default\hms\ets
[2026-05-12T17:58:03.699] [DEBUG] debug-file - default@CompileArkTS work[0] is submitted.
[2026-05-12T17:58:03.699] [DEBUG] debug-file - default@CompileArkTS work[0] is pushed to ready queue.
[2026-05-12T17:58:03.700] [DEBUG] debug-file - A work dispatched to worker[23] failed because unable to get work from ready queue.
[2026-05-12T17:58:03.700] [DEBUG] debug-file - A work dispatched to worker[22] failed because unable to get work from ready queue.
[2026-05-12T17:58:03.700] [DEBUG] debug-file - A work dispatched to worker[21] failed because unable to get work from ready queue.
[2026-05-12T17:58:03.700] [DEBUG] debug-file - A work dispatched to worker[20] failed because unable to get work from ready queue.
[2026-05-12T17:58:03.700] [DEBUG] debug-file - A work dispatched to worker[19] failed because unable to get work from ready queue.
[2026-05-12T17:58:03.700] [DEBUG] debug-file - A work dispatched to worker[18] failed because unable to get work from ready queue.
[2026-05-12T17:58:03.700] [DEBUG] debug-file - A work dispatched to worker[17] failed because unable to get work from ready queue.
[2026-05-12T17:58:03.700] [DEBUG] debug-file - A work dispatched to worker[16] failed because unable to get work from ready queue.
[2026-05-12T17:58:03.700] [DEBUG] debug-file - A work dispatched to worker[15] failed because unable to get work from ready queue.
[2026-05-12T17:58:03.700] [DEBUG] debug-file - A work dispatched to worker[14] failed because unable to get work from ready queue.
[2026-05-12T17:58:03.700] [DEBUG] debug-file - A work dispatched to worker[13] failed because unable to get work from ready queue.
[2026-05-12T17:58:03.700] [DEBUG] debug-file - A work dispatched to worker[12] failed because unable to get work from ready queue.
[2026-05-12T17:58:03.700] [DEBUG] debug-file - A work dispatched to worker[11] failed because unable to get work from ready queue.
[2026-05-12T17:58:03.700] [DEBUG] debug-file - A work dispatched to worker[10] failed because unable to get work from ready queue.
[2026-05-12T17:58:03.700] [DEBUG] debug-file - A work dispatched to worker[9] failed because unable to get work from ready queue.
[2026-05-12T17:58:03.700] [DEBUG] debug-file - A work dispatched to worker[8] failed because unable to get work from ready queue.
[2026-05-12T17:58:03.700] [DEBUG] debug-file - A work dispatched to worker[7] failed because unable to get work from ready queue.
[2026-05-12T17:58:03.700] [DEBUG] debug-file - A work dispatched to worker[6] failed because unable to get work from ready queue.
[2026-05-12T17:58:03.700] [DEBUG] debug-file - A work dispatched to worker[5] failed because unable to get work from ready queue.
[2026-05-12T17:58:03.701] [DEBUG] debug-file - Create  resident worker with id: 4.
[2026-05-12T17:58:03.702] [DEBUG] debug-file - default@CompileArkTS work[0] has been dispatched to worker[4].
[2026-05-12T17:58:03.702] [DEBUG] debug-file - default@CompileArkTS work[0] is dispatched.
[2026-05-12T17:58:03.702] [DEBUG] debug-file - CopyResources startTime: 106673452765100
[2026-05-12T17:58:03.702] [DEBUG] debug-file - default@CompileArkTS work[1] is submitted.
[2026-05-12T17:58:03.702] [DEBUG] debug-file - default@CompileArkTS work[1] is pushed to ready queue.
[2026-05-12T17:58:03.702] [DEBUG] debug-file - A work dispatched to worker[23] failed because unable to get work from ready queue.
[2026-05-12T17:58:03.702] [DEBUG] debug-file - Create  resident worker with id: 22.
[2026-05-12T17:58:03.703] [DEBUG] debug-file - default@CompileArkTS work[1] has been dispatched to worker[22].
[2026-05-12T17:58:03.703] [DEBUG] debug-file - default@CompileArkTS work[1] is dispatched.
[2026-05-12T17:58:03.704] [DEBUG] debug-file - entry : default@CompileArkTS cost memory 1.69580078125
[2026-05-12T17:58:03.705] [DEBUG] debug-file - Executing task :entry:default@BuildJS
[2026-05-12T17:58:03.705] [DEBUG] debug-file - Task 'entry:default@BuildJS' cost while wrapping incremental declarations: 1 ms 
[2026-05-12T17:58:03.707] [DEBUG] debug-file - entry : default@BuildJS cost memory 0.154876708984375
[2026-05-12T17:58:03.707] [DEBUG] debug-file - runTaskFromQueue task cost before running: 3 s 178 ms 
[2026-05-12T17:58:03.708] [INFO] debug-file - Finished :entry:default@BuildJS... after 3 ms 
[2026-05-12T17:58:03.709] [DEBUG] debug-file - Executing task :entry:default@CacheNativeLibs
[2026-05-12T17:58:03.709] [DEBUG] debug-file - Task 'entry:default@CacheNativeLibs' cost while wrapping incremental declarations: 1 ms 
[2026-05-12T17:58:03.709] [DEBUG] debug-file - default@CacheNativeLibs work[2] is submitted.
[2026-05-12T17:58:03.710] [DEBUG] debug-file - default@CacheNativeLibs work[2] is pushed to ready queue.
[2026-05-12T17:58:03.710] [DEBUG] debug-file - A work dispatched to worker[23] failed because unable to get work from ready queue.
[2026-05-12T17:58:03.710] [DEBUG] debug-file - A work dispatched to worker[22] failed because of worker busy.
[2026-05-12T17:58:03.710] [DEBUG] debug-file - Create  resident worker with id: 21.
[2026-05-12T17:58:03.710] [DEBUG] debug-file - default@CacheNativeLibs work[2] has been dispatched to worker[21].
[2026-05-12T17:58:03.710] [DEBUG] debug-file - default@CacheNativeLibs work[2] is dispatched.
[2026-05-12T17:58:03.710] [DEBUG] debug-file - entry : default@CacheNativeLibs cost memory 0.16779327392578125
[2026-05-12T17:58:04.583] [DEBUG] debug-file - worker[22] has one work done.
[2026-05-12T17:58:04.584] [DEBUG] debug-file - CopyResources is end, endTime: 106674334254600
[2026-05-12T17:58:04.584] [DEBUG] debug-file - default@CompileArkTS work[1] done.
[2026-05-12T17:58:04.584] [DEBUG] debug-file - A work dispatched to worker[22] failed because unable to get work from ready queue.
[2026-05-12T17:58:04.633] [DEBUG] debug-file - worker[21] has one work done.
[2026-05-12T17:58:04.633] [DEBUG] debug-file - default@CacheNativeLibs work[2] done.
[2026-05-12T17:58:04.633] [DEBUG] debug-file - A work dispatched to worker[21] failed because unable to get work from ready queue.
[2026-05-12T17:58:04.634] [INFO] debug-file - Finished :entry:default@CacheNativeLibs... after 6 ms 
[2026-05-12T17:58:10.492] [WARN] debug-file - [33mWARN: [33m[33mArkTS:WARN File: D:/software/HarmonyOs-Clock-Demo-main/entry/src/main/ets/entryability/EntryAbility.ets:9:5
 Function may throw exceptions. Special handling is required.
[39m[39m
[33mWARN: [33m[33mArkTS:WARN File: D:/software/HarmonyOs-Clock-Demo-main/entry/src/main/ets/pages/Index.ets:65:25
 'getContext' has been deprecated.
[39m[39m
[33mWARN: [33m[33mArkTS:WARN File: D:/software/HarmonyOs-Clock-Demo-main/entry/src/main/ets/pages/Index.ets:67:16
 'pushUrl' has been deprecated.
[39m[39m
[33mWARN: [33m[33mArkTS:WARN File: D:/software/HarmonyOs-Clock-Demo-main/entry/src/main/ets/common/utils/StorageUtil.ets:9:17
 Function may throw exceptions. Special handling is required.
[39m[39m
[33mWARN: [33m[33mArkTS:WARN File: D:/software/HarmonyOs-Clock-Demo-main/entry/src/main/ets/common/utils/StorageUtil.ets:13:5
 Function may throw exceptions. Special handling is required.
[39m[39m
[33mWARN: [33m[33mArkTS:WARN File: D:/software/HarmonyOs-Clock-Demo-main/entry/src/main/ets/common/utils/StorageUtil.ets:14:5
 Function may throw exceptions. Special handling is required.
[39m[39m
[33mWARN: [33m[33mArkTS:WARN File: D:/software/HarmonyOs-Clock-Demo-main/entry/src/main/ets/common/utils/StorageUtil.ets:18:20
 Function may throw exceptions. Special handling is required.
[39m[39m
[33mWARN: [33m[33mArkTS:WARN File: D:/software/HarmonyOs-Clock-Demo-main/entry/src/main/ets/common/utils/StorageUtil.ets:23:20
 Function may throw exceptions. Special handling is required.
[39m[39m
[33mWARN: [33m[33mArkTS:WARN File: D:/software/HarmonyOs-Clock-Demo-main/entry/src/main/ets/pages/ReminderSettings.ets:35:21
 'getContext' has been deprecated.
[39m[39m
[33mWARN: [33m[33mArkTS:WARN File: D:/software/HarmonyOs-Clock-Demo-main/entry/src/main/ets/pages/ReminderSettings.ets:52:27
 'getParams' has been deprecated.
[39m[39m
[33mWARN: [33m[33mArkTS:WARN File: D:/software/HarmonyOs-Clock-Demo-main/entry/src/main/ets/pages/ReminderSettings.ets:125:16
 'pushUrl' has been deprecated.
[39m[39m
[33mWARN: [33m[33mArkTS:WARN File: D:/software/HarmonyOs-Clock-Demo-main/entry/src/main/ets/pages/ReminderSettings.ets:154:20
 'pushUrl' has been deprecated.
[39m[39m
[33mWARN: [33m[33mArkTS:WARN File: D:/software/HarmonyOs-Clock-Demo-main/entry/src/main/ets/pages/ReminderSettings.ets:199:5
 Function may throw exceptions. Special handling is required.
[39m[39m
[33mWARN: [33m[33mArkTS:WARN File: D:/software/HarmonyOs-Clock-Demo-main/entry/src/main/ets/pages/ReminderSettings.ets:199:18
 'showToast' has been deprecated.
[39m[39m
[33mWARN: [33m[33mArkTS:WARN File: D:/software/HarmonyOs-Clock-Demo-main/entry/src/main/ets/pages/TimePickerPage.ets:17:27
 'getParams' has been deprecated.
[39m[39m
[33mWARN: [33m[33mArkTS:WARN File: D:/software/HarmonyOs-Clock-Demo-main/entry/src/main/ets/pages/TimePickerPage.ets:57:18
 'replaceUrl' has been deprecated.
[39m[39m

[2026-05-12T17:58:10.493] [DEBUG] debug-file - Ark compile task finished.finished time is 106680243402600
[2026-05-12T17:58:10.493] [DEBUG] debug-file - worker[4] has one work done.
[2026-05-12T17:58:10.496] [DEBUG] debug-file - default@CompileArkTS work[0] done.
[2026-05-12T17:58:10.497] [DEBUG] debug-file - A work dispatched to worker[4] failed because unable to get work from ready queue.
[2026-05-12T17:58:10.500] [INFO] debug-file - Finished :entry:default@CompileArkTS... after 4 s 864 ms 
[2026-05-12T17:58:10.501] [DEBUG] debug-file - Executing task :entry:default@GeneratePkgModuleJson
[2026-05-12T17:58:10.502] [DEBUG] debug-file - File: 'D:\software\HarmonyOs-Clock-Demo-main\entry\build\default\intermediates\preload\default\preload.json' from 'preloadSoJsonPath' is not exists, just ignore.
[2026-05-12T17:58:10.503] [DEBUG] debug-file - Error occurs while handling @Input 'shouldDeduplicateHar': The "data" argument must be of type string or an instance of Buffer, TypedArray, or DataView. Received undefined
[2026-05-12T17:58:10.503] [DEBUG] debug-file - Task 'entry:default@GeneratePkgModuleJson' cost while wrapping incremental declarations: 2 ms 
[2026-05-12T17:58:10.506] [DEBUG] debug-file - entry : default@GeneratePkgModuleJson cost memory 0.2054290771484375
[2026-05-12T17:58:10.507] [DEBUG] debug-file - runTaskFromQueue task cost before running: 9 s 977 ms 
[2026-05-12T17:58:10.507] [INFO] debug-file - Finished :entry:default@GeneratePkgModuleJson... after 6 ms 
[2026-05-12T17:58:10.508] [DEBUG] debug-file - Executing task :entry:default@ProcessCompiledResources
[2026-05-12T17:58:10.508] [DEBUG] debug-file - File: 'D:\software\HarmonyOs-Clock-Demo-main\entry\build\default\intermediates\preload\default\preload.json' from 'preloadSoJsonPath' is not exists, just ignore.
[2026-05-12T17:58:10.509] [DEBUG] debug-file - Task 'entry:default@ProcessCompiledResources' cost while wrapping incremental declarations: 1 ms 
[2026-05-12T17:58:10.509] [DEBUG] debug-file - entry : default@ProcessCompiledResources cost memory 0.05777740478515625
[2026-05-12T17:58:10.509] [DEBUG] debug-file - runTaskFromQueue task cost before running: 9 s 980 ms 
[2026-05-12T17:58:10.510] [INFO] debug-file - Finished :entry:default@ProcessCompiledResources... after 2 ms 
[2026-05-12T17:58:10.513] [DEBUG] debug-file - Executing task :entry:default@PackageHap
[2026-05-12T17:58:10.519] [DEBUG] debug-file - Use tool [D:\software\DevEco Studio\sdk\default\openharmony\toolchains\lib\app_packing_tool.jar]
 [
  'java',
  '-Dfile.encoding=GBK',
  '-jar',
  'D:\\software\\DevEco Studio\\sdk\\default\\openharmony\\toolchains\\lib\\app_packing_tool.jar',
  '--mode',
  'hap',
  '--force',
  'true',
  '--lib-path',
  'D:\\software\\HarmonyOs-Clock-Demo-main\\entry\\build\\default\\intermediates\\stripped_native_libs\\default',
  '--json-path',
  'D:\\software\\HarmonyOs-Clock-Demo-main\\entry\\build\\default\\intermediates\\package\\default\\module.json',
  '--resources-path',
  'D:\\software\\HarmonyOs-Clock-Demo-main\\entry\\build\\default\\intermediates\\res\\default\\resources',
  '--index-path',
  'D:\\software\\HarmonyOs-Clock-Demo-main\\entry\\build\\default\\intermediates\\res\\default\\resources.index',
  '--pack-info-path',
  'D:\\software\\HarmonyOs-Clock-Demo-main\\entry\\build\\default\\outputs\\default\\pack.info',
  '--out-path',
  'D:\\software\\HarmonyOs-Clock-Demo-main\\entry\\build\\default\\outputs\\default\\entry-default-unsigned.hap',
  '--ets-path',
  'D:\\software\\HarmonyOs-Clock-Demo-main\\entry\\build\\default\\intermediates\\loader_out\\default\\ets',
  '--pkg-context-path',
  'D:\\software\\HarmonyOs-Clock-Demo-main\\entry\\build\\default\\intermediates\\loader\\default\\pkgContextInfo.json'
]
[2026-05-12T17:58:11.021] [DEBUG] debug-file - java daemon socket received message:{"code":0,"message":"pack success"}
[2026-05-12T17:58:11.026] [DEBUG] debug-file - entry : default@PackageHap cost memory 0.5528945922851562
[2026-05-12T17:58:11.026] [DEBUG] debug-file - runTaskFromQueue task cost before running: 10 s 497 ms 
[2026-05-12T17:58:11.027] [INFO] debug-file - Finished :entry:default@PackageHap... after 514 ms 
[2026-05-12T17:58:11.029] [DEBUG] debug-file - Executing task :entry:default@PackingCheck
[2026-05-12T17:58:11.035] [DEBUG] debug-file - entry : default@PackingCheck cost memory 0.667572021484375
[2026-05-12T17:58:11.035] [DEBUG] debug-file - runTaskFromQueue task cost before running: 10 s 505 ms 
[2026-05-12T17:58:11.035] [INFO] debug-file - Finished :entry:default@PackingCheck... after 6 ms 
[2026-05-12T17:58:11.036] [DEBUG] debug-file - Executing task :entry:default@SignHap
[2026-05-12T17:58:11.036] [WARN] debug-file - Will skip sign 'hos_hap'. No signingConfigs profile is configured in current project.
             If needed, configure the signingConfigs in D:\software\HarmonyOs-Clock-Demo-main\build-profile.json5.
[2026-05-12T17:58:11.037] [DEBUG] debug-file - entry : default@SignHap cost memory 0.055145263671875
[2026-05-12T17:58:11.037] [DEBUG] debug-file - runTaskFromQueue task cost before running: 10 s 508 ms 
[2026-05-12T17:58:11.037] [INFO] debug-file - Finished :entry:default@SignHap... after 2 ms 
[2026-05-12T17:58:11.038] [DEBUG] debug-file - Executing task :entry:default@CollectDebugSymbol
[2026-05-12T17:58:11.039] [DEBUG] debug-file - entry : default@CollectDebugSymbol cost memory 0.08567047119140625
[2026-05-12T17:58:11.039] [DEBUG] debug-file - runTaskFromQueue task cost before running: 10 s 509 ms 
[2026-05-12T17:58:11.039] [INFO] debug-file - Finished :entry:default@CollectDebugSymbol... after 1 ms 
[2026-05-12T17:58:11.039] [DEBUG] debug-file - Executing task :entry:assembleHap
[2026-05-12T17:58:11.039] [DEBUG] debug-file - entry : assembleHap cost memory 0.0128326416015625
[2026-05-12T17:58:11.040] [DEBUG] debug-file - runTaskFromQueue task cost before running: 10 s 510 ms 
[2026-05-12T17:58:11.040] [INFO] debug-file - Finished :entry:assembleHap... after 1 ms 
[2026-05-12T17:58:11.052] [INFO] debug-file - BUILD SUCCESSFUL in 10 s 522 ms 
[2026-05-12T17:58:11.052] [DEBUG] debug-file - Update task entry:default@PreBuild input file:D:\software\HarmonyOs-Clock-Demo-main\AppScope\app.json5 cache by regenerate.
[2026-05-12T17:58:11.053] [DEBUG] debug-file - Update task entry:default@PreBuild input file:D:\software\HarmonyOs-Clock-Demo-main\entry\src\main\module.json5 cache by regenerate.
[2026-05-12T17:58:11.053] [DEBUG] debug-file - Update task entry:default@PreBuild input file:D:\software\HarmonyOs-Clock-Demo-main\build-profile.json5 cache by regenerate.
[2026-05-12T17:58:11.053] [DEBUG] debug-file - Update task entry:default@PreBuild input file:D:\software\HarmonyOs-Clock-Demo-main\entry\build-profile.json5 cache by regenerate.
[2026-05-12T17:58:11.053] [DEBUG] debug-file - Update task entry:default@PreBuild input file:D:\software\HarmonyOs-Clock-Demo-main\entry\src\main\resources\base\profile\main_pages.json cache by regenerate.
[2026-05-12T17:58:11.054] [DEBUG] debug-file - Update task entry:default@PreBuild input file:D:\software\HarmonyOs-Clock-Demo-main\hvigor\hvigor-config.json5 cache by regenerate.
[2026-05-12T17:58:11.054] [DEBUG] debug-file - Update task entry:default@PreBuild input file:D:\software\HarmonyOs-Clock-Demo-main\entry\src\mock\mock-config.json5 cache by regenerate.
[2026-05-12T17:58:11.054] [DEBUG] debug-file - Update task entry:default@PreBuild input file:D:\software\HarmonyOs-Clock-Demo-main\entry\oh-package.json5 cache by regenerate.
[2026-05-12T17:58:11.054] [DEBUG] debug-file - Update task entry:default@PreBuild input file:D:\software\HarmonyOs-Clock-Demo-main\oh-package.json5 cache by regenerate.
[2026-05-12T17:58:11.054] [DEBUG] debug-file - Incremental task entry:default@PreBuild post-execution cost:3 ms .
[2026-05-12T17:58:11.054] [DEBUG] debug-file - Update task entry:default@CreateModuleInfo output file:D:\software\HarmonyOs-Clock-Demo-main\entry\build\default\generated\profile\default\ModuleInfo.ts cache.
[2026-05-12T17:58:11.054] [DEBUG] debug-file - Incremental task entry:default@CreateModuleInfo post-execution cost:1 ms .
[2026-05-12T17:58:11.054] [DEBUG] debug-file - Update task entry:default@GenerateMetadata input file:D:\software\HarmonyOs-Clock-Demo-main\entry\src\main\module.json5 cache by regenerate.
[2026-05-12T17:58:11.055] [DEBUG] debug-file - Update task entry:default@GenerateMetadata output file:D:\software\HarmonyOs-Clock-Demo-main\entry\build\default\intermediates\hap_metadata\default\output_metadata.json cache.
[2026-05-12T17:58:11.055] [DEBUG] debug-file - Incremental task entry:default@GenerateMetadata post-execution cost:1 ms .
[2026-05-12T17:58:11.055] [DEBUG] debug-file - Update task entry:default@MergeProfile input file:D:\software\HarmonyOs-Clock-Demo-main\AppScope\app.json5 cache by regenerate.
[2026-05-12T17:58:11.055] [DEBUG] debug-file - Update task entry:default@MergeProfile input file:D:\software\HarmonyOs-Clock-Demo-main\build-profile.json5 cache by regenerate.
[2026-05-12T17:58:11.056] [DEBUG] debug-file - Update task entry:default@MergeProfile input file:D:\software\HarmonyOs-Clock-Demo-main\entry\src\main\module.json5 cache by regenerate.
[2026-05-12T17:58:11.056] [DEBUG] debug-file - Update task entry:default@MergeProfile output file:D:\software\HarmonyOs-Clock-Demo-main\entry\build\default\intermediates\merge_profile\default\module.json cache.
[2026-05-12T17:58:11.056] [DEBUG] debug-file - Incremental task entry:default@MergeProfile post-execution cost:1 ms .
[2026-05-12T17:58:11.056] [DEBUG] debug-file - Update task entry:default@CreateBuildProfile input file:D:\software\HarmonyOs-Clock-Demo-main\AppScope\app.json5 cache by regenerate.
[2026-05-12T17:58:11.056] [DEBUG] debug-file - Update task entry:default@CreateBuildProfile input file:D:\software\HarmonyOs-Clock-Demo-main\build-profile.json5 cache by regenerate.
[2026-05-12T17:58:11.057] [DEBUG] debug-file - Update task entry:default@CreateBuildProfile output file:D:\software\HarmonyOs-Clock-Demo-main\entry\build\default\generated\profile\default\BuildProfile.ets cache.
[2026-05-12T17:58:11.057] [DEBUG] debug-file - Incremental task entry:default@CreateBuildProfile post-execution cost:1 ms .
[2026-05-12T17:58:11.057] [DEBUG] debug-file - Update task entry:default@GeneratePkgContextInfo output file:D:\software\HarmonyOs-Clock-Demo-main\entry\build\default\intermediates\loader\default\pkgContextInfo.json cache.
[2026-05-12T17:58:11.057] [DEBUG] debug-file - Incremental task entry:default@GeneratePkgContextInfo post-execution cost:1 ms .
[2026-05-12T17:58:11.057] [DEBUG] debug-file - Update task entry:default@ProcessIntegratedHsp output file:D:\software\HarmonyOs-Clock-Demo-main\build\cache\default\integrated_hsp\integratedHspCache.json cache.
[2026-05-12T17:58:11.057] [DEBUG] debug-file - Incremental task entry:default@ProcessIntegratedHsp post-execution cost:1 ms .
[2026-05-12T17:58:11.058] [DEBUG] debug-file - Update task entry:default@MakePackInfo input file:D:\software\HarmonyOs-Clock-Demo-main\AppScope\app.json5 cache by regenerate.
[2026-05-12T17:58:11.058] [DEBUG] debug-file - Update task entry:default@MakePackInfo input file:D:\software\HarmonyOs-Clock-Demo-main\entry\src\main\module.json5 cache by regenerate.
[2026-05-12T17:58:11.058] [DEBUG] debug-file - Update task entry:default@MakePackInfo input file:D:\software\HarmonyOs-Clock-Demo-main\build-profile.json5 cache by regenerate.
[2026-05-12T17:58:11.058] [DEBUG] debug-file - Update task entry:default@MakePackInfo input file:D:\software\HarmonyOs-Clock-Demo-main\entry\src\main\resources\base\profile\backup_config.json cache by regenerate.
[2026-05-12T17:58:11.058] [DEBUG] debug-file - Update task entry:default@MakePackInfo output file:D:\software\HarmonyOs-Clock-Demo-main\entry\build\default\outputs\default\pack.info cache.
[2026-05-12T17:58:11.058] [DEBUG] debug-file - Incremental task entry:default@MakePackInfo post-execution cost:1 ms .
[2026-05-12T17:58:11.058] [DEBUG] debug-file - Update task entry:default@SyscapTransform input file:D:\software\DevEco Studio\sdk\default\openharmony\toolchains\syscap_tool.exe cache by regenerate.
[2026-05-12T17:58:11.058] [DEBUG] debug-file - Update task entry:default@SyscapTransform input file:D:\software\DevEco Studio\sdk\default\openharmony\ets\api\device-define cache by regenerate.
[2026-05-12T17:58:11.059] [DEBUG] debug-file - Update task entry:default@SyscapTransform output file:D:\software\HarmonyOs-Clock-Demo-main\entry\build\default\intermediates\syscap\default\rpcid.sc cache.
[2026-05-12T17:58:11.059] [DEBUG] debug-file - Incremental task entry:default@SyscapTransform post-execution cost:2 ms .
[2026-05-12T17:58:11.059] [DEBUG] debug-file - Update task entry:default@ProcessProfile input file:D:\software\HarmonyOs-Clock-Demo-main\entry\build\default\intermediates\merge_profile\default\module.json cache by regenerate.
[2026-05-12T17:58:11.060] [DEBUG] debug-file - Update task entry:default@ProcessProfile output file:D:\software\HarmonyOs-Clock-Demo-main\entry\build\default\intermediates\process_profile\default\module.json cache.
[2026-05-12T17:58:11.060] [DEBUG] debug-file - Incremental task entry:default@ProcessProfile post-execution cost:1 ms .
[2026-05-12T17:58:11.060] [DEBUG] debug-file - Update task entry:default@ProcessRouterMap input file:D:\software\HarmonyOs-Clock-Demo-main\entry\oh-package.json5 cache by regenerate.
[2026-05-12T17:58:11.060] [DEBUG] debug-file - Update task entry:default@ProcessRouterMap input file:D:\software\HarmonyOs-Clock-Demo-main\oh-package.json5 cache by regenerate.
[2026-05-12T17:58:11.060] [DEBUG] debug-file - Update task entry:default@ProcessRouterMap input file:D:\software\HarmonyOs-Clock-Demo-main\entry\src\main\module.json5 cache by regenerate.
[2026-05-12T17:58:11.060] [DEBUG] debug-file - Update task entry:default@ProcessRouterMap input file:D:\software\HarmonyOs-Clock-Demo-main\entry\build\default\intermediates\loader\default\pkgContextInfo.json cache by regenerate.
[2026-05-12T17:58:11.061] [DEBUG] debug-file - Update task entry:default@ProcessRouterMap output file:D:\software\HarmonyOs-Clock-Demo-main\entry\build\default\intermediates\router_map\default\temp-router-map.json cache.
[2026-05-12T17:58:11.061] [DEBUG] debug-file - Update task entry:default@ProcessRouterMap output file:D:\software\HarmonyOs-Clock-Demo-main\entry\build\default\intermediates\router_map\default\loader-router-map.json cache.
[2026-05-12T17:58:11.061] [DEBUG] debug-file - Incremental task entry:default@ProcessRouterMap post-execution cost:1 ms .
[2026-05-12T17:58:11.061] [DEBUG] debug-file - Update task entry:default@ProcessShareConfig input file:D:\software\HarmonyOs-Clock-Demo-main\entry\oh-package.json5 cache by regenerate.
[2026-05-12T17:58:11.061] [DEBUG] debug-file - Update task entry:default@ProcessShareConfig input file:D:\software\HarmonyOs-Clock-Demo-main\oh-package.json5 cache by regenerate.
[2026-05-12T17:58:11.061] [DEBUG] debug-file - Update task entry:default@ProcessShareConfig input file:D:\software\HarmonyOs-Clock-Demo-main\entry\src\main\module.json5 cache by regenerate.
[2026-05-12T17:58:11.061] [DEBUG] debug-file - Update task entry:default@ProcessShareConfig input file:D:\software\HarmonyOs-Clock-Demo-main\entry\build\default\intermediates\loader\default\pkgContextInfo.json cache by regenerate.
[2026-05-12T17:58:11.061] [DEBUG] debug-file - Update task entry:default@ProcessShareConfig output file:D:\software\HarmonyOs-Clock-Demo-main\entry\build\default\intermediates\share_config\default\temp-share-config.json cache.
[2026-05-12T17:58:11.061] [DEBUG] debug-file - Incremental task entry:default@ProcessShareConfig post-execution cost:1 ms .
[2026-05-12T17:58:11.061] [DEBUG] debug-file - Update task entry:default@ProcessStartupConfig input file:D:\software\HarmonyOs-Clock-Demo-main\entry\build\default\intermediates\loader\default\pkgContextInfo.json cache by regenerate.
[2026-05-12T17:58:11.062] [DEBUG] debug-file - Update task entry:default@ProcessStartupConfig output file:D:\software\HarmonyOs-Clock-Demo-main\entry\build\default\intermediates\startup\default\startup_config.json cache.
[2026-05-12T17:58:11.062] [DEBUG] debug-file - Incremental task entry:default@ProcessStartupConfig post-execution cost:1 ms .
[2026-05-12T17:58:11.062] [DEBUG] debug-file - Update task entry:default@ProcessResource output file:D:\software\HarmonyOs-Clock-Demo-main\entry\build\default\intermediates\res\default\resConfig.json cache.
[2026-05-12T17:58:11.062] [DEBUG] debug-file - Update task entry:default@ProcessResource output file:D:\software\HarmonyOs-Clock-Demo-main\entry\build\default\intermediates\res\default\opt-compression.json cache.
[2026-05-12T17:58:11.062] [DEBUG] debug-file - Incremental task entry:default@ProcessResource post-execution cost:1 ms .
[2026-05-12T17:58:11.063] [DEBUG] debug-file - Update task entry:default@GenerateLoaderJson input file:D:\software\HarmonyOs-Clock-Demo-main\entry\src\mock\mock-config.json5 cache by regenerate.
[2026-05-12T17:58:11.063] [DEBUG] debug-file - Update task entry:default@GenerateLoaderJson input file:D:\software\HarmonyOs-Clock-Demo-main\entry\build\default\intermediates\loader\default\pkgContextInfo.json cache by regenerate.
[2026-05-12T17:58:11.063] [DEBUG] debug-file - Update task entry:default@GenerateLoaderJson input file:D:\software\HarmonyOs-Clock-Demo-main\entry\build\default\intermediates\router_map\default\temp-router-map.json cache by regenerate.
[2026-05-12T17:58:11.063] [DEBUG] debug-file - Update task entry:default@GenerateLoaderJson output file:D:\software\HarmonyOs-Clock-Demo-main\entry\build\default\intermediates\loader\default\loader.json cache.
[2026-05-12T17:58:11.063] [DEBUG] debug-file - Incremental task entry:default@GenerateLoaderJson post-execution cost:1 ms .
[2026-05-12T17:58:11.063] [DEBUG] debug-file - Update task entry:default@ProcessLibs input file:D:\software\HarmonyOs-Clock-Demo-main\build-profile.json5 cache by regenerate.
[2026-05-12T17:58:11.063] [DEBUG] debug-file - Update task entry:default@ProcessLibs input file:D:\software\HarmonyOs-Clock-Demo-main\entry\build-profile.json5 cache by regenerate.
[2026-05-12T17:58:11.063] [DEBUG] debug-file - Update task entry:default@ProcessLibs output file:D:\software\HarmonyOs-Clock-Demo-main\entry\build\default\intermediates\libs\default cache.
[2026-05-12T17:58:11.063] [DEBUG] debug-file - Incremental task entry:default@ProcessLibs post-execution cost:1 ms .
[2026-05-12T17:58:11.064] [DEBUG] debug-file - Update task entry:default@CompileResource input file:D:\software\HarmonyOs-Clock-Demo-main\entry\src\main\resources cache by regenerate.
[2026-05-12T17:58:11.065] [DEBUG] debug-file - Update task entry:default@CompileResource input file:D:\software\HarmonyOs-Clock-Demo-main\AppScope\resources cache by regenerate.
[2026-05-12T17:58:11.066] [DEBUG] debug-file - Update task entry:default@CompileResource input file:D:\software\HarmonyOs-Clock-Demo-main\entry\build\default\intermediates\process_profile\default\module.json cache by regenerate.
[2026-05-12T17:58:11.066] [DEBUG] debug-file - Update task entry:default@CompileResource input file:D:\software\HarmonyOs-Clock-Demo-main\entry\build\default\intermediates\res\default\resConfig.json cache by regenerate.
[2026-05-12T17:58:11.066] [DEBUG] debug-file - Update task entry:default@CompileResource output file:D:\software\HarmonyOs-Clock-Demo-main\entry\build\default\intermediates\res\default cache.
[2026-05-12T17:58:11.067] [DEBUG] debug-file - Update task entry:default@CompileResource output file:D:\software\HarmonyOs-Clock-Demo-main\entry\build\default\generated\r\default\ResourceTable.h cache.
[2026-05-12T17:58:11.067] [DEBUG] debug-file - Update task entry:default@CompileResource output file:D:\software\HarmonyOs-Clock-Demo-main\entry\build\default\generated\r\default cache.
[2026-05-12T17:58:11.068] [DEBUG] debug-file - Incremental task entry:default@CompileResource post-execution cost:5 ms .
[2026-05-12T17:58:11.068] [DEBUG] debug-file - Update task entry:default@DoNativeStrip input file:D:\software\HarmonyOs-Clock-Demo-main\entry\build\default\intermediates\libs\default cache by regenerate.
[2026-05-12T17:58:11.068] [DEBUG] debug-file - Update task entry:default@DoNativeStrip output file:D:\software\HarmonyOs-Clock-Demo-main\entry\build\default\intermediates\stripped_native_libs\default cache.
[2026-05-12T17:58:11.068] [DEBUG] debug-file - Incremental task entry:default@DoNativeStrip post-execution cost:1 ms .
[2026-05-12T17:58:11.069] [DEBUG] debug-file - Update task entry:default@CompileArkTS input file:D:\software\HarmonyOs-Clock-Demo-main\entry\build\default\intermediates\loader\default cache by regenerate.
[2026-05-12T17:58:11.069] [DEBUG] debug-file - Update task entry:default@CompileArkTS input file:D:\software\HarmonyOs-Clock-Demo-main\entry\build\default\intermediates\res\default\ResourceTable.txt cache by regenerate.
[2026-05-12T17:58:11.069] [DEBUG] debug-file - Update task entry:default@CompileArkTS input file:D:\software\HarmonyOs-Clock-Demo-main\entry\build\default\intermediates\res\default\ark_module.json cache by regenerate.
[2026-05-12T17:58:11.070] [DEBUG] debug-file - Update task entry:default@CompileArkTS input file:D:\software\HarmonyOs-Clock-Demo-main\entry\build\default\intermediates\res\default\resources\base\profile cache by regenerate.
[2026-05-12T17:58:11.070] [DEBUG] debug-file - Update task entry:default@CompileArkTS input file:D:\software\HarmonyOs-Clock-Demo-main\entry\src\main\ets cache by regenerate.
[2026-05-12T17:58:11.071] [DEBUG] debug-file - Update task entry:default@CompileArkTS input file:D:\software\HarmonyOs-Clock-Demo-main\entry\build\default\intermediates\loader\default\pkgContextInfo.json cache by regenerate.
[2026-05-12T17:58:11.072] [DEBUG] debug-file - Update task entry:default@CompileArkTS input file:D:\software\HarmonyOs-Clock-Demo-main\entry\build\default\generated\profile\default\BuildProfile.ets cache by regenerate.
[2026-05-12T17:58:11.072] [DEBUG] debug-file - Update task entry:default@CompileArkTS input file:D:\software\HarmonyOs-Clock-Demo-main\entry\src\mock\mock-config.json5 cache by regenerate.
[2026-05-12T17:58:11.072] [DEBUG] debug-file - Update task entry:default@CompileArkTS output file:D:\software\HarmonyOs-Clock-Demo-main\entry\build\default\intermediates\loader_out\default\ets cache.
[2026-05-12T17:58:11.072] [DEBUG] debug-file - Incremental task entry:default@CompileArkTS post-execution cost:4 ms .
[2026-05-12T17:58:11.073] [DEBUG] debug-file - Update task entry:default@BuildJS input file:D:\software\HarmonyOs-Clock-Demo-main\entry\build\default\intermediates\loader\default cache by regenerate.
[2026-05-12T17:58:11.073] [DEBUG] debug-file - Update task entry:default@BuildJS input file:D:\software\HarmonyOs-Clock-Demo-main\entry\build\default\intermediates\res\default\ResourceTable.txt cache by regenerate.
[2026-05-12T17:58:11.073] [DEBUG] debug-file - Update task entry:default@BuildJS input file:D:\software\HarmonyOs-Clock-Demo-main\entry\build\default\intermediates\res\default\ark_module.json cache by regenerate.
[2026-05-12T17:58:11.073] [DEBUG] debug-file - Update task entry:default@BuildJS input file:D:\software\HarmonyOs-Clock-Demo-main\entry\build\default\intermediates\res\default\resources\base\profile cache by regenerate.
[2026-05-12T17:58:11.073] [DEBUG] debug-file - Update task entry:default@BuildJS input file:D:\software\HarmonyOs-Clock-Demo-main\entry\build\default\intermediates\loader\default\pkgContextInfo.json cache by regenerate.
[2026-05-12T17:58:11.073] [DEBUG] debug-file - Update task entry:default@BuildJS output file:D:\software\HarmonyOs-Clock-Demo-main\entry\build\default\intermediates\loader_out\default\js cache.
[2026-05-12T17:58:11.074] [DEBUG] debug-file - Incremental task entry:default@BuildJS post-execution cost:2 ms .
[2026-05-12T17:58:11.074] [DEBUG] debug-file - Update task entry:default@CacheNativeLibs input file:D:\software\HarmonyOs-Clock-Demo-main\entry\build\default\intermediates\stripped_native_libs\default cache by regenerate.
[2026-05-12T17:58:11.074] [DEBUG] debug-file - Update task entry:default@CacheNativeLibs input file:D:\software\HarmonyOs-Clock-Demo-main\entry\build\default\intermediates\libs\default cache by regenerate.
[2026-05-12T17:58:11.074] [DEBUG] debug-file - Update task entry:default@CacheNativeLibs output file:D:\software\HarmonyOs-Clock-Demo-main\entry\build\default\intermediates\patch\default\base_native_libs.json cache.
[2026-05-12T17:58:11.074] [DEBUG] debug-file - Incremental task entry:default@CacheNativeLibs post-execution cost:1 ms .
[2026-05-12T17:58:11.074] [DEBUG] debug-file - Update task entry:default@GeneratePkgModuleJson input file:D:\software\HarmonyOs-Clock-Demo-main\entry\build\default\intermediates\res\default\module.json cache by regenerate.
[2026-05-12T17:58:11.074] [DEBUG] debug-file - Update task entry:default@GeneratePkgModuleJson output file:D:\software\HarmonyOs-Clock-Demo-main\entry\build\default\intermediates\package\default\module.json cache.
[2026-05-12T17:58:11.074] [DEBUG] debug-file - Incremental task entry:default@GeneratePkgModuleJson post-execution cost:1 ms .
[2026-05-12T17:58:11.074] [DEBUG] debug-file - Incremental task entry:default@ProcessCompiledResources post-execution cost:1 ms .
[2026-05-12T17:58:11.074] [DEBUG] debug-file - Update task entry:default@PackageHap input file:D:\software\HarmonyOs-Clock-Demo-main\entry\build\default\intermediates\stripped_native_libs\default cache by regenerate.
[2026-05-12T17:58:11.075] [DEBUG] debug-file - Update task entry:default@PackageHap input file:D:\software\HarmonyOs-Clock-Demo-main\entry\build\default\intermediates\res\default\module.json cache by regenerate.
[2026-05-12T17:58:11.075] [DEBUG] debug-file - Update task entry:default@PackageHap input file:D:\software\HarmonyOs-Clock-Demo-main\entry\build\default\intermediates\res\default\resources cache by regenerate.
[2026-05-12T17:58:11.076] [DEBUG] debug-file - Update task entry:default@PackageHap input file:D:\software\HarmonyOs-Clock-Demo-main\entry\build\default\intermediates\res\default\resources.index cache by regenerate.
[2026-05-12T17:58:11.076] [DEBUG] debug-file - Update task entry:default@PackageHap input file:D:\software\HarmonyOs-Clock-Demo-main\entry\build\default\outputs\default\pack.info cache by regenerate.
[2026-05-12T17:58:11.076] [DEBUG] debug-file - Update task entry:default@PackageHap input file:D:\software\HarmonyOs-Clock-Demo-main\entry\build\default\intermediates\loader_out\default\ets cache by regenerate.
[2026-05-12T17:58:11.076] [DEBUG] debug-file - Update task entry:default@PackageHap input file:D:\software\HarmonyOs-Clock-Demo-main\entry\build\default\intermediates\loader\default\pkgContextInfo.json cache by regenerate.
[2026-05-12T17:58:11.076] [DEBUG] debug-file - Update task entry:default@PackageHap input file:D:\software\HarmonyOs-Clock-Demo-main\entry\build\default\intermediates\loader_out\default\ets\sourceMaps.map cache by regenerate.
[2026-05-12T17:58:11.076] [DEBUG] debug-file - Update task entry:default@PackageHap input file:D:\software\HarmonyOs-Clock-Demo-main\entry\build\default\generated\profile\default\BuildProfile.ets cache by regenerate.
[2026-05-12T17:58:11.077] [DEBUG] debug-file - Update task entry:default@PackageHap output file:D:\software\HarmonyOs-Clock-Demo-main\entry\build\default\outputs\default\entry-default-unsigned.hap cache.
[2026-05-12T17:58:11.077] [DEBUG] debug-file - Update task entry:default@PackageHap output file:D:\software\HarmonyOs-Clock-Demo-main\entry\build\default\intermediates\source_map\default\sourceMaps.map cache.
[2026-05-12T17:58:11.077] [DEBUG] debug-file - Update task entry:default@PackageHap output file:D:\software\HarmonyOs-Clock-Demo-main\entry\build\default\outputs\default\mapping\sourceMaps.map cache.
[2026-05-12T17:58:11.077] [DEBUG] debug-file - Incremental task entry:default@PackageHap post-execution cost:3 ms .
[2026-05-12T17:58:11.077] [DEBUG] debug-file - Update task entry:default@SignHap input file:D:\software\HarmonyOs-Clock-Demo-main\entry\build\default\outputs\default\entry-default-unsigned.hap cache by regenerate.
[2026-05-12T17:58:11.077] [DEBUG] debug-file - Update task entry:default@SignHap output file:D:\software\HarmonyOs-Clock-Demo-main\entry\build\default\outputs\default\entry-default-signed.hap cache.
[2026-05-12T17:58:11.077] [DEBUG] debug-file - Incremental task entry:default@SignHap post-execution cost:1 ms .
[2026-05-12T17:58:11.078] [DEBUG] debug-file - Update task entry:default@CollectDebugSymbol input file:D:\software\HarmonyOs-Clock-Demo-main\entry\build\default\intermediates\loader_out\default\ets\sourceMaps.map cache by regenerate.
[2026-05-12T17:58:11.078] [DEBUG] debug-file - Update task entry:default@CollectDebugSymbol input file:D:\software\HarmonyOs-Clock-Demo-main\entry\build\default\intermediates\libs\default cache by regenerate.
[2026-05-12T17:58:11.078] [DEBUG] debug-file - Update task entry:default@CollectDebugSymbol output file:D:\software\HarmonyOs-Clock-Demo-main\entry\build\default\outputs\default\symbol cache.
[2026-05-12T17:58:11.078] [DEBUG] debug-file - Incremental task entry:default@CollectDebugSymbol post-execution cost:1 ms .
[2026-05-12T17:58:11.105] [DEBUG] debug-file - Cleanup worker 0.
[2026-05-12T17:58:11.106] [DEBUG] debug-file - Worker 0 has been cleaned up.
[2026-05-12T17:58:11.106] [DEBUG] debug-file - Current idle worker size: 4.
[2026-05-12T17:58:11.106] [DEBUG] debug-file - Current resident worker size: 5.
[2026-05-12T17:58:11.106] [DEBUG] debug-file - Cleanup worker 1.
[2026-05-12T17:58:11.106] [DEBUG] debug-file - Worker 1 has been cleaned up.
[2026-05-12T17:58:11.106] [DEBUG] debug-file - Current idle worker size: 3.
[2026-05-12T17:58:11.106] [DEBUG] debug-file - Current resident worker size: 5.
[2026-05-12T17:58:11.106] [DEBUG] debug-file - Cleanup worker 22.
[2026-05-12T17:58:11.106] [DEBUG] debug-file - Worker 22 has been cleaned up.
[2026-05-12T17:58:11.106] [DEBUG] debug-file - Current idle worker size: 2.
[2026-05-12T17:58:11.106] [DEBUG] debug-file - Current resident worker size: 5.
[2026-05-12T17:58:11.106] [DEBUG] debug-file - Cleanup worker 21.
[2026-05-12T17:58:11.106] [DEBUG] debug-file - Worker 21 has been cleaned up.
[2026-05-12T17:58:11.106] [DEBUG] debug-file - Current idle worker size: 1.
[2026-05-12T17:58:11.106] [DEBUG] debug-file - Current resident worker size: 5.
[2026-05-12T17:58:11.107] [DEBUG] debug-file - hvigor build process will be closed.
[2026-05-12T17:58:11.109] [DEBUG] debug-file - java daemon socket close code:1000 reason:close by user
[2026-05-12T17:58:11.109] [DEBUG] debug-file - session manager: send message to worker process.
[2026-05-12T17:58:11.109] [DEBUG] debug-file - session manager: send message to worker process.
[2026-05-12T17:58:11.111] [DEBUG] debug-file - watch worker: worker id should be larger than 0. Nothing will be sent to any worker thread.
[2026-05-12T17:58:11.112] [DEBUG] debug-file - worker[0] exits with exit code 1.
[2026-05-12T17:58:11.112] [DEBUG] debug-file - worker[1] exits with exit code 1.
[2026-05-12T17:58:11.113] [DEBUG] debug-file - watch worker: worker id should be larger than 0. Nothing will be sent to any worker thread.
[2026-05-12T17:58:11.122] [DEBUG] debug-file - worker[22] exits with exit code 1.
[2026-05-12T17:58:11.124] [DEBUG] debug-file - worker[21] exits with exit code 1.
